Archive member included to satisfy reference by file (symbol)

app/libapp.a(main.c.obj)      (--whole-archive)
zephyr/libzephyr.a(cbprintf.c.obj)
                              (--whole-archive)
zephyr/libzephyr.a(cbprintf_packaged.c.obj)
                              (--whole-archive)
zephyr/libzephyr.a(crc32c_sw.c.obj)
                              (--whole-archive)
zephyr/libzephyr.a(crc32_sw.c.obj)
                              (--whole-archive)
zephyr/libzephyr.a(crc16_sw.c.obj)
                              (--whole-archive)
zephyr/libzephyr.a(crc8_sw.c.obj)
                              (--whole-archive)
zephyr/libzephyr.a(crc7_sw.c.obj)
                              (--whole-archive)
zephyr/libzephyr.a(dec.c.obj)
                              (--whole-archive)
zephyr/libzephyr.a(fdtable.c.obj)
                              (--whole-archive)
zephyr/libzephyr.a(hex.c.obj)
                              (--whole-archive)
zephyr/libzephyr.a(notify.c.obj)
                              (--whole-archive)
zephyr/libzephyr.a(printk.c.obj)
                              (--whole-archive)
zephyr/libzephyr.a(onoff.c.obj)
                              (--whole-archive)
zephyr/libzephyr.a(rb.c.obj)  (--whole-archive)
zephyr/libzephyr.a(sem.c.obj)
                              (--whole-archive)
zephyr/libzephyr.a(thread_entry.c.obj)
                              (--whole-archive)
zephyr/libzephyr.a(timeutil.c.obj)
                              (--whole-archive)
zephyr/libzephyr.a(heap.c.obj)
                              (--whole-archive)
zephyr/libzephyr.a(heap-validate.c.obj)
                              (--whole-archive)
zephyr/libzephyr.a(bitarray.c.obj)
                              (--whole-archive)
zephyr/libzephyr.a(multi_heap.c.obj)
                              (--whole-archive)
zephyr/libzephyr.a(cbprintf_complete.c.obj)
                              (--whole-archive)
zephyr/libzephyr.a(assert.c.obj)
                              (--whole-archive)
zephyr/libzephyr.a(mpsc_pbuf.c.obj)
                              (--whole-archive)
zephyr/libzephyr.a(configs.c.obj)
                              (--whole-archive)
zephyr/libzephyr.a(soc.c.obj)
                              (--whole-archive)
zephyr/libzephyr.a(stm32cube_hal.c.obj)
                              (--whole-archive)
zephyr/libzephyr.a(soc_config.c.obj)
                              (--whole-archive)
zephyr/libzephyr.a(log_list.c.obj)
                              (--whole-archive)
zephyr/libzephyr.a(log_core.c.obj)
                              (--whole-archive)
zephyr/libzephyr.a(log_mgmt.c.obj)
                              (--whole-archive)
zephyr/libzephyr.a(log_msg.c.obj)
                              (--whole-archive)
zephyr/libzephyr.a(log_output.c.obj)
                              (--whole-archive)
zephyr/libzephyr.a(log_msg2.c.obj)
                              (--whole-archive)
zephyr/libzephyr.a(log_backend_uart.c.obj)
                              (--whole-archive)
zephyr/libzephyr.a(dis.c.obj)
                              (--whole-archive)
zephyr/libzephyr.a(bas.c.obj)
                              (--whole-archive)
zephyr/libzephyr.a(addr_utils.c.obj)
                              (--whole-archive)
zephyr/libzephyr.a(tracing_none.c.obj)
                              (--whole-archive)
zephyr/libzephyr.a(stm_list.c.obj)
                              (--whole-archive)
zephyr/libzephyr.a(shci_tl_if.c.obj)
                              (--whole-archive)
zephyr/libzephyr.a(shci_tl.c.obj)
                              (--whole-archive)
zephyr/libzephyr.a(shci.c.obj)
                              (--whole-archive)
zephyr/libzephyr.a(tl_mbox.c.obj)
                              (--whole-archive)
zephyr/libzephyr.a(hw_ipcc.c.obj)
                              (--whole-archive)
zephyr/libzephyr.a(utils.c.obj)
                              (--whole-archive)
zephyr/libzephyr.a(aes_decrypt.c.obj)
                              (--whole-archive)
zephyr/libzephyr.a(aes_encrypt.c.obj)
                              (--whole-archive)
zephyr/libzephyr.a(cmac_mode.c.obj)
                              (--whole-archive)
zephyr/libzephyr.a(sha256.c.obj)
                              (--whole-archive)
zephyr/libzephyr.a(hmac.c.obj)
                              (--whole-archive)
zephyr/libzephyr.a(hmac_prng.c.obj)
                              (--whole-archive)
zephyr/arch/common/libarch__common.a(sw_isr_common.c.obj)
                              (--whole-archive)
zephyr/arch/arch/arm/core/aarch32/libarch__arm__core__aarch32.a(cpu_idle.S.obj)
                              (--whole-archive)
zephyr/arch/arch/arm/core/aarch32/libarch__arm__core__aarch32.a(fatal.c.obj)
                              (--whole-archive)
zephyr/arch/arch/arm/core/aarch32/libarch__arm__core__aarch32.a(irq_manage.c.obj)
                              (--whole-archive)
zephyr/arch/arch/arm/core/aarch32/libarch__arm__core__aarch32.a(nmi.c.obj)
[...]
Memory Configuration

Name             Origin             Length             Attributes
FLASH            0x08000000         0x000ca000         xr
SRAM             0x20000000         0x00018000         xw
SRAM1            0x20030000         0x00002800
SRAM2            0x20038000         0x00005000
IDT_LIST         0xfffff7ff         0x00000800         xw
*default*        0x00000000         0xffffffff

Linker script and memory map

LOAD zephyr/CMakeFiles/zephyr_pre0.dir/misc/empty_file.c.obj
LOAD zephyr/CMakeFiles/offsets.dir/./arch/arm/core/offsets/offsets.c.obj
                0x00000020                _region_min_align = 0x20

.rel.plt        0x08000000        0x0
 *(SORT_BY_ALIGNMENT(.rel.plt))
                [!provide]                PROVIDE (__rel_iplt_start = .)
 *(SORT_BY_ALIGNMENT(.rel.iplt))
 .rel.iplt      0x08000000        0x0 zephyr/CMakeFiles/offsets.dir/./arch/arm/core/offsets/offsets.c.obj
                [!provide]                PROVIDE (__rel_iplt_end = .)

.rela.plt       0x00000000        0x0
 *(SORT_BY_ALIGNMENT(.rela.plt))
                [!provide]                PROVIDE (__rela_iplt_start = .)
 *(SORT_BY_ALIGNMENT(.rela.iplt))
                [!provide]                PROVIDE (__rela_iplt_end = .)

.rel.dyn
 *(SORT_BY_ALIGNMENT(.rel.*))

.rela.dyn
 *(SORT_BY_ALIGNMENT(.rela.*))

/DISCARD/
 *(SORT_BY_ALIGNMENT(.plt))
 *(SORT_BY_ALIGNMENT(.iplt))
 *(SORT_BY_ALIGNMENT(.got.plt))
 *(SORT_BY_ALIGNMENT(.igot.plt))
 *(SORT_BY_ALIGNMENT(.got))
 *(SORT_BY_ALIGNMENT(.igot))
 *(SORT_BY_ALIGNMENT(.note.GNU-stack))
                0x08000000                __rom_region_start = 0x8000000

rom_start       0x08000000      0x13c
                0x00000000                . = 0x0
                0x00000000                . = ALIGN (0x4)
                0x00000000                . = ALIGN (0x80)
                0x00000000                . = ALIGN (0x200)
                0x08000000                _vector_start = .
 *(SORT_BY_ALIGNMENT(.exc_vector_table))
 *(SORT_BY_ALIGNMENT(.exc_vector_table.*))
 .exc_vector_table._vector_table_section
                0x08000000       0x40 zephyr/arch/arch/arm/core/aarch32/cortex_m/libarch__arm__core__aarch32__cortex_m.a(vector_table.S.obj)
                0x08000000                _vector_table
 *(SORT_BY_ALIGNMENT(.gnu.linkonce.irq_vector_table*))
 .gnu.linkonce.irq_vector_table
                0x08000040       0xfc zephyr/arch/common/libisr_tables.a(isr_tables.c.obj)
                0x08000040                _irq_vector_table
 *(SORT_BY_ALIGNMENT(.vectors))
                0x0800013c                _vector_end = .

text            0x08000140    0x155b4
                0x08000140                __text_region_start = .
 *(SORT_BY_ALIGNMENT(.text))
 .text          0x08000140      0x168 c:/gnuarmemb/bin/../lib/gcc/arm-none-eabi/9.2.1/thumb/v7e-m/nofp\libgcc.a(_arm_mulsf3.o)
                0x08000140                __aeabi_fmul
                0x08000140                __mulsf3
 .text          0x080002a8      0x21c c:/gnuarmemb/bin/../lib/gcc/arm-none-eabi/9.2.1/thumb/v7e-m/nofp\libgcc.a(_arm_addsubsf3.o)
                0x080002a8                __aeabi_frsub
                0x080002b0                __subsf3
                0x080002b0                __aeabi_fsub
                0x080002b4                __aeabi_fadd
                0x080002b4                __addsf3
                0x08000414                __aeabi_ui2f
                0x08000414                __floatunsisf
                0x0800041c                __aeabi_i2f
                0x0800041c                __floatsisf
                0x08000438                __aeabi_ul2f
                0x08000438                __floatundisf
                0x08000448                __aeabi_l2f
                0x08000448                __floatdisf
 .text          0x080004c4       0x4c c:/gnuarmemb/bin/../lib/gcc/arm-none-eabi/9.2.1/thumb/v7e-m/nofp\libgcc.a(_arm_fixsfsi.o)
                0x080004c4                __aeabi_f2iz
                0x080004c4                __fixsfsi
 .text          0x08000510       0x30 c:/gnuarmemb/bin/../lib/gcc/arm-none-eabi/9.2.1/thumb/v7e-m/nofp\libgcc.a(_aeabi_uldivmod.o)
                0x08000510                __aeabi_uldivmod
 .text          0x08000540      0x2c0 c:/gnuarmemb/bin/../lib/gcc/arm-none-eabi/9.2.1/thumb/v7e-m/nofp\libgcc.a(_udivmoddi4.o)
                0x08000540                __udivmoddi4
 .text          0x08000800        0x4 c:/gnuarmemb/bin/../lib/gcc/arm-none-eabi/9.2.1/thumb/v7e-m/nofp\libgcc.a(_dvmd_tls.o)
                0x08000800                __aeabi_idiv0
                0x08000800                __aeabi_ldiv0
 *(SORT_BY_ALIGNMENT(.text.*))
 *fill*         0x08000804        0x4 
 .text.hci_init
                0x08000808      0x3bc zephyr/subsys/bluetooth/host/libsubsys__bluetooth__host.a(hci_core.c.obj)
 .text.temp_ccc_cfg_changed
                0x08000bc4       0x10 app/libapp.a(main.c.obj)
 .text.disconnected
                0x08000bd4        0xc app/libapp.a(main.c.obj)
 .text.connected
                0x08000be0       0x18 app/libapp.a(main.c.obj)
 .text.z_impl_gpio_pin_configure
                0x08000bf8      0x190 app/libapp.a(main.c.obj)
 .text.bt_addr_le_to_str.constprop.0
                0x08000d88       0x78 app/libapp.a(main.c.obj)
 .text.auth_passkey_display
                0x08000e00       0x24 app/libapp.a(main.c.obj)
 .text.auth_cancel
                0x08000e24       0x20 app/libapp.a(main.c.obj)
 .text.gpio_pin_set.constprop.0
                0x08000e44       0x84 app/libapp.a(main.c.obj)
 .text.transfer
                0x08000ec8       0x50 app/libapp.a(main.c.obj)
 .text.set      0x08000f18       0x7c app/libapp.a(main.c.obj)
 .text.set24    0x08000f94       0xec app/libapp.a(main.c.obj)
 .text.main     0x08001080      0x370 app/libapp.a(main.c.obj)
                0x08001080                main
 .text.cbprintf_package_copy
                0x080013f0      0x2ec zephyr/libzephyr.a(cbprintf_packaged.c.obj)
                0x080013f0                cbprintf_package_copy
 .text.char_out
                0x080016dc       0x10 zephyr/libzephyr.a(printk.c.obj)
 .text.__printk_hook_install
                0x080016ec        0xc zephyr/libzephyr.a(printk.c.obj)
                0x080016ec                __printk_hook_install
 .text.vprintk  0x080016f8       0x1c zephyr/libzephyr.a(printk.c.obj)
                0x080016f8                vprintk
 .text.vsnprintk
                0x08001714       0x28 zephyr/libzephyr.a(printk.c.obj)
                0x08001714                vsnprintk
 .text.sys_heap_free
                0x0800173c       0x98 zephyr/libzephyr.a(heap.c.obj)
                0x0800173c                sys_heap_free
 .text.sys_heap_aligned_alloc
                0x080017d4      0x108 zephyr/libzephyr.a(heap.c.obj)
                0x080017d4                sys_heap_aligned_alloc
 .text.sys_heap_init
                0x080018dc      0x128 zephyr/libzephyr.a(heap.c.obj)
                0x080018dc                sys_heap_init
 .text.cbvprintf
                0x08001a04      0x780 zephyr/libzephyr.a(cbprintf_complete.c.obj)
                0x08001a04                cbvprintf
 .text.mpsc_pbuf_init
                0x08002184       0x68 zephyr/libzephyr.a(mpsc_pbuf.c.obj)
                0x08002184                mpsc_pbuf_init
 .text.mpsc_pbuf_alloc
                0x080021ec      0x1bc zephyr/libzephyr.a(mpsc_pbuf.c.obj)
                0x080021ec                mpsc_pbuf_alloc
 .text.mpsc_pbuf_commit
                0x080023a8       0xb0 zephyr/libzephyr.a(mpsc_pbuf.c.obj)
                0x080023a8                mpsc_pbuf_commit
 .text.mpsc_pbuf_claim
                0x08002458      0x118 zephyr/libzephyr.a(mpsc_pbuf.c.obj)
                0x08002458                mpsc_pbuf_claim
 .text.mpsc_pbuf_free
                0x08002570       0xd8 zephyr/libzephyr.a(mpsc_pbuf.c.obj)
                0x08002570                mpsc_pbuf_free
 .text.stm32wb_init
                0x08002648       0x40 zephyr/libzephyr.a(soc.c.obj)
 .text.enable_logger
                0x08002688       0x5c zephyr/libzephyr.a(log_core.c.obj)
 .text.log_process_thread_timer_expiry_fn
                0x080026e4        0xc zephyr/libzephyr.a(log_core.c.obj)
 .text.log_format_func_t_get
                0x080026f0        0xc zephyr/libzephyr.a(log_core.c.obj)
                0x080026f0                log_format_func_t_get
 .text.log_init
                0x080026fc       0x84 zephyr/libzephyr.a(log_core.c.obj)
                0x080026fc                log_init
 .text.z_log_notify_backend_enabled
                0x08002780       0x1c zephyr/libzephyr.a(log_core.c.obj)
                0x08002780                z_log_notify_backend_enabled
 .text.z_log_dropped
                0x0800279c       0x3c zephyr/libzephyr.a(log_core.c.obj)
                0x0800279c                z_log_dropped
 .text.z_log_dropped_read_and_clear
                0x080027d8       0x20 zephyr/libzephyr.a(log_core.c.obj)
                0x080027d8                z_log_dropped_read_and_clear
 .text.dropped_notify
                0x080027f8       0x3c zephyr/libzephyr.a(log_core.c.obj)
                0x080027f8                dropped_notify
 .text.z_log_msg2_init
                0x08002834       0x10 zephyr/libzephyr.a(log_core.c.obj)
                0x08002834                z_log_msg2_init
 .text.log_core_init
                0x08002844       0x34 zephyr/libzephyr.a(log_core.c.obj)
                0x08002844                log_core_init
 .text.z_log_msg2_alloc
                0x08002878       0x10 zephyr/libzephyr.a(log_core.c.obj)
                0x08002878                z_log_msg2_alloc
 .text.z_log_msg2_claim
                0x08002888        0xc zephyr/libzephyr.a(log_core.c.obj)
                0x08002888                z_log_msg2_claim
 .text.z_log_msg2_free
                0x08002894        0xc zephyr/libzephyr.a(log_core.c.obj)
                0x08002894                z_log_msg2_free
 .text.z_log_msg2_pending
                0x080028a0        0xc zephyr/libzephyr.a(log_core.c.obj)
                0x080028a0                z_log_msg2_pending
 .text.z_impl_log_process
                0x080028ac       0x8c zephyr/libzephyr.a(log_core.c.obj)
                0x080028ac                z_impl_log_process
 .text.z_log_msg_post_finalize
                0x08002938       0x8c zephyr/libzephyr.a(log_core.c.obj)
 .text.z_log_msg2_commit
                0x080029c4       0x24 zephyr/libzephyr.a(log_core.c.obj)
                0x080029c4                z_log_msg2_commit
 .text.log_process_thread_func
                0x080029e8       0x7c zephyr/libzephyr.a(log_core.c.obj)
 .text.z_impl_log_panic
                0x08002a64       0x4c zephyr/libzephyr.a(log_core.c.obj)
                0x08002a64                z_impl_log_panic
 .text.log_source_name_get
                0x08002ab0       0x1c zephyr/libzephyr.a(log_mgmt.c.obj)
                0x08002ab0                log_source_name_get
 .text.log_backend_enable
                0x08002acc       0x54 zephyr/libzephyr.a(log_mgmt.c.obj)
                0x08002acc                log_backend_enable
 .text.print_formatted
                0x08002b20       0x24 zephyr/libzephyr.a(log_output.c.obj)
 .text.prefix_print
                0x08002b44      0x128 zephyr/libzephyr.a(log_output.c.obj)
 .text.postfix_print
                0x08002c6c       0x3c zephyr/libzephyr.a(log_output.c.obj)
 .text.hexdump_line_print
                0x08002ca8       0xdc zephyr/libzephyr.a(log_output.c.obj)
 .text.out_func
                0x08002d84       0x60 zephyr/libzephyr.a(log_output.c.obj)
 .text.log_output_msg2_process
                0x08002de4       0xf0 zephyr/libzephyr.a(log_output.c.obj)
                0x08002de4                log_output_msg2_process
 .text.log_output_dropped_process
                0x08002ed4       0x58 zephyr/libzephyr.a(log_output.c.obj)
                0x08002ed4                log_output_dropped_process
 .text.log_output_timestamp_freq_set
                0x08002f2c       0x30 zephyr/libzephyr.a(log_output.c.obj)
                0x08002f2c                log_output_timestamp_freq_set
 .text.z_impl_z_log_msg2_static_create
                0x08002f5c       0xbc zephyr/libzephyr.a(log_msg2.c.obj)
                0x08002f5c                z_impl_z_log_msg2_static_create
 .text.char_out
                0x08003018       0x24 zephyr/libzephyr.a(log_backend_uart.c.obj)
 .text.format_set
                0x0800303c        0xc zephyr/libzephyr.a(log_backend_uart.c.obj)
 .text.panic    0x08003048       0x14 zephyr/libzephyr.a(log_backend_uart.c.obj)
 .text.dropped  0x0800305c        0xc zephyr/libzephyr.a(log_backend_uart.c.obj)
 .text.process  0x08003068       0x24 zephyr/libzephyr.a(log_backend_uart.c.obj)
 .text.log_backend_uart_init
                0x0800308c       0x3c zephyr/libzephyr.a(log_backend_uart.c.obj)
 .text.read_blvl
                0x080030c8       0x28 zephyr/libzephyr.a(bas.c.obj)
 .text.blvl_ccc_cfg_changed
                0x080030f0       0x48 zephyr/libzephyr.a(bas.c.obj)
 .text.bt_bas_get_battery_level
                0x08003138        0xc zephyr/libzephyr.a(bas.c.obj)
                0x08003138                bt_bas_get_battery_level
 .text.bt_bas_set_battery_level
                0x08003144       0x50 zephyr/libzephyr.a(bas.c.obj)
                0x08003144                bt_bas_set_battery_level
 .text.shci_register_io_bus
                0x08003194       0x14 zephyr/libzephyr.a(shci_tl_if.c.obj)
                0x08003194                shci_register_io_bus
 .text.TlUserEvtReceived
                0x080031a8       0x1c zephyr/libzephyr.a(shci_tl.c.obj)
 .text.Cmd_SetStatus.constprop.0
                0x080031c4       0x18 zephyr/libzephyr.a(shci_tl.c.obj)
 .text.shci_init
                0x080031dc       0x60 zephyr/libzephyr.a(shci_tl.c.obj)
                0x080031dc                shci_init
 .text.shci_user_evt_proc
                0x0800323c       0x6c zephyr/libzephyr.a(shci_tl.c.obj)
                0x0800323c                shci_user_evt_proc
 .text.shci_send
                0x080032a8       0x74 zephyr/libzephyr.a(shci_tl.c.obj)
                0x080032a8                shci_send
 .text.SendFreeBuf
                0x0800331c       0x30 zephyr/libzephyr.a(tl_mbox.c.obj)
 .text.TL_Init  0x0800334c       0x48 zephyr/libzephyr.a(tl_mbox.c.obj)
                0x0800334c                TL_Init
 .text.TL_BLE_Init
                0x08003394       0x48 zephyr/libzephyr.a(tl_mbox.c.obj)
                0x08003394                TL_BLE_Init
 .text.TL_BLE_SendCmd
                0x080033dc       0x1c zephyr/libzephyr.a(tl_mbox.c.obj)
                0x080033dc                TL_BLE_SendCmd
 .text.HW_IPCC_BLE_RxEvtNot
                0x080033f8       0x2c zephyr/libzephyr.a(tl_mbox.c.obj)
                0x080033f8                HW_IPCC_BLE_RxEvtNot
 .text.TL_BLE_SendAclData
                0x08003424       0x18 zephyr/libzephyr.a(tl_mbox.c.obj)
                0x08003424                TL_BLE_SendAclData
 .text.HW_IPCC_BLE_AclDataAckNot
                0x0800343c        0xc zephyr/libzephyr.a(tl_mbox.c.obj)
                0x0800343c                HW_IPCC_BLE_AclDataAckNot
 .text.TL_SYS_Init
                0x08003448       0x3c zephyr/libzephyr.a(tl_mbox.c.obj)
                0x08003448                TL_SYS_Init
 .text.TL_SYS_SendCmd
                0x08003484       0x1c zephyr/libzephyr.a(tl_mbox.c.obj)
                0x08003484                TL_SYS_SendCmd
 .text.HW_IPCC_SYS_CmdEvtNot
                0x080034a0       0x18 zephyr/libzephyr.a(tl_mbox.c.obj)
                0x080034a0                HW_IPCC_SYS_CmdEvtNot
 .text.HW_IPCC_SYS_EvtNot
                0x080034b8       0x2c zephyr/libzephyr.a(tl_mbox.c.obj)
                0x080034b8                HW_IPCC_SYS_EvtNot
 .text.TL_MM_Init
                0x080034e4       0x40 zephyr/libzephyr.a(tl_mbox.c.obj)
                0x080034e4                TL_MM_Init
 .text.TL_MM_EvtDone
                0x08003524       0x1c zephyr/libzephyr.a(tl_mbox.c.obj)
                0x08003524                TL_MM_EvtDone
 .text.HW_IPCC_TRACES_EvtNot
                0x08003540       0x24 zephyr/libzephyr.a(tl_mbox.c.obj)
                0x08003540                HW_IPCC_TRACES_EvtNot
 .text.HW_IPCC_Enable
                0x08003564       0x50 zephyr/libzephyr.a(hw_ipcc.c.obj)
                0x08003564                HW_IPCC_Enable
 .text.HW_IPCC_Init
                0x080035b4       0x40 zephyr/libzephyr.a(hw_ipcc.c.obj)
                0x080035b4                HW_IPCC_Init
 .text.HW_IPCC_BLE_Init
                0x080035f4       0x10 zephyr/libzephyr.a(hw_ipcc.c.obj)
                0x080035f4                HW_IPCC_BLE_Init
 .text.HW_IPCC_BLE_SendCmd
                0x08003604       0x10 zephyr/libzephyr.a(hw_ipcc.c.obj)
                0x08003604                HW_IPCC_BLE_SendCmd
 .text.HW_IPCC_BLE_SendAclData
                0x08003614       0x18 zephyr/libzephyr.a(hw_ipcc.c.obj)
                0x08003614                HW_IPCC_BLE_SendAclData
 .text.HW_IPCC_SYS_Init
                0x0800362c       0x10 zephyr/libzephyr.a(hw_ipcc.c.obj)
                0x0800362c                HW_IPCC_SYS_Init
 .text.HW_IPCC_SYS_SendCmd
                0x0800363c       0x18 zephyr/libzephyr.a(hw_ipcc.c.obj)
                0x0800363c                HW_IPCC_SYS_SendCmd
 .text.HW_IPCC_Tx_Handler
                0x08003654       0x68 zephyr/libzephyr.a(hw_ipcc.c.obj)
                0x08003654                HW_IPCC_Tx_Handler
 .text.HW_IPCC_MM_SendFreeBuf
                0x080036bc       0x2c zephyr/libzephyr.a(hw_ipcc.c.obj)
                0x080036bc                HW_IPCC_MM_SendFreeBuf
 .text.HW_IPCC_Rx_Handler
                0x080036e8       0x50 zephyr/libzephyr.a(hw_ipcc.c.obj)
                0x080036e8                HW_IPCC_Rx_Handler
 .text.tc_aes128_set_encrypt_key
                0x08003738       0xa4 zephyr/libzephyr.a(aes_encrypt.c.obj)
                0x08003738                tc_aes128_set_encrypt_key
 .text.tc_aes_encrypt
                0x080037dc       0xd4 zephyr/libzephyr.a(aes_encrypt.c.obj)
                0x080037dc                tc_aes_encrypt
 .text.compress
                0x080038b0      0x1cc zephyr/libzephyr.a(sha256.c.obj)
 .text.tc_sha256_init
                0x08003a7c       0x58 zephyr/libzephyr.a(sha256.c.obj)
                0x08003a7c                tc_sha256_init
 .text.z_arm_cpu_idle_init
                0x08003ad4        0xc zephyr/arch/arch/arm/core/aarch32/libarch__arm__core__aarch32.a(cpu_idle.S.obj)
                0x08003ad4                z_arm_cpu_idle_init
 .text.arch_cpu_idle
                0x08003ae0       0x1c zephyr/arch/arch/arm/core/aarch32/libarch__arm__core__aarch32.a(cpu_idle.S.obj)
                0x08003ae0                arch_cpu_idle
 .text.z_arm_fatal_error
                0x08003afc       0xc0 zephyr/arch/arch/arm/core/aarch32/libarch__arm__core__aarch32.a(fatal.c.obj)
                0x08003afc                z_arm_fatal_error
 .text.arch_irq_enable
                0x08003bbc       0x20 zephyr/arch/arch/arm/core/aarch32/libarch__arm__core__aarch32.a(irq_manage.c.obj)
                0x08003bbc                arch_irq_enable
 .text.z_arm_irq_priority_set
                0x08003bdc       0x68 zephyr/arch/arch/arm/core/aarch32/libarch__arm__core__aarch32.a(irq_manage.c.obj)
                0x08003bdc                z_arm_irq_priority_set
 .text.z_SysNmiOnReset
                0x08003c44        0x8 zephyr/arch/arch/arm/core/aarch32/libarch__arm__core__aarch32.a(nmi_on_reset.S.obj)
                0x08003c44                z_SysNmiOnReset
 .text.z_arm_prep_c
                0x08003c4c       0x48 zephyr/arch/arch/arm/core/aarch32/libarch__arm__core__aarch32.a(prep_c.c.obj)
                0x08003c4c                z_arm_prep_c
 .text.arch_swap
                0x08003c94       0x34 zephyr/arch/arch/arm/core/aarch32/libarch__arm__core__aarch32.a(swap.c.obj)
                0x08003c94                arch_swap
 .text.z_arm_pendsv
                0x08003cc8       0x54 zephyr/arch/arch/arm/core/aarch32/libarch__arm__core__aarch32.a(swap_helper.S.obj)
                0x08003cc8                z_arm_pendsv
 .text.z_arm_svc
                0x08003d1c       0x20 zephyr/arch/arch/arm/core/aarch32/libarch__arm__core__aarch32.a(swap_helper.S.obj)
                0x08003d1c                z_arm_svc
 .text.arch_new_thread
                0x08003d3c       0x38 zephyr/arch/arch/arm/core/aarch32/libarch__arm__core__aarch32.a(thread.c.obj)
                0x08003d3c                arch_new_thread
 .text.z_check_thread_stack_fail
                0x08003d74       0x34 zephyr/arch/arch/arm/core/aarch32/libarch__arm__core__aarch32.a(thread.c.obj)
                0x08003d74                z_check_thread_stack_fail
 .text.arch_switch_to_main_thread
                0x08003da8       0x2c zephyr/arch/arch/arm/core/aarch32/libarch__arm__core__aarch32.a(thread.c.obj)
                0x08003da8                arch_switch_to_main_thread
 .text._isr_wrapper
                0x08003dd4       0x28 zephyr/arch/arch/arm/core/aarch32/libarch__arm__core__aarch32.a(isr_wrapper.S.obj)
                0x08003dd4                _isr_wrapper
 .text._HandlerModeExit
                0x08003dfc       0x1c zephyr/arch/arch/arm/core/aarch32/cortex_m/libarch__arm__core__aarch32__cortex_m.a(exc_exit.S.obj)
                0x08003dfc                z_arm_int_exit
                0x08003dfc                z_arm_exc_exit
 .text.mem_manage_fault
                0x08003e18      0x174 zephyr/arch/arch/arm/core/aarch32/cortex_m/libarch__arm__core__aarch32__cortex_m.a(fault.c.obj)
 .text.usage_fault.isra.0
                0x08003f8c       0xf8 zephyr/arch/arch/arm/core/aarch32/cortex_m/libarch__arm__core__aarch32__cortex_m.a(fault.c.obj)
 .text.bus_fault.isra.0
                0x08004084      0x114 zephyr/arch/arch/arm/core/aarch32/cortex_m/libarch__arm__core__aarch32__cortex_m.a(fault.c.obj)
 .text.z_arm_fault
                0x08004198      0x28c zephyr/arch/arch/arm/core/aarch32/cortex_m/libarch__arm__core__aarch32__cortex_m.a(fault.c.obj)
                0x08004198                z_arm_fault
 .text.z_arm_fault_init
                0x08004424       0x10 zephyr/arch/arch/arm/core/aarch32/cortex_m/libarch__arm__core__aarch32__cortex_m.a(fault.c.obj)
                0x08004424                z_arm_fault_init
 .text.__fault  0x08004434       0x14 zephyr/arch/arch/arm/core/aarch32/cortex_m/libarch__arm__core__aarch32__cortex_m.a(fault_s.S.obj)
                0x08004434                z_arm_usage_fault
                0x08004434                z_arm_mpu_fault
                0x08004434                z_arm_exc_spurious
                0x08004434                z_arm_debug_monitor
                0x08004434                z_arm_hard_fault
                0x08004434                z_arm_bus_fault
 .text.z_arm_interrupt_init
                0x08004448       0x18 zephyr/arch/arch/arm/core/aarch32/cortex_m/libarch__arm__core__aarch32__cortex_m.a(irq_init.c.obj)
                0x08004448                z_arm_interrupt_init
 .text._reset_section
                0x08004460       0x2c zephyr/arch/arch/arm/core/aarch32/cortex_m/libarch__arm__core__aarch32__cortex_m.a(reset.S.obj)
                0x08004460                __start
                0x08004460                z_arm_reset
 .text.z_impl_k_thread_abort
                0x0800448c       0x24 zephyr/arch/arch/arm/core/aarch32/cortex_m/libarch__arm__core__aarch32__cortex_m.a(thread_abort.c.obj)
                0x0800448c                z_impl_k_thread_abort
 .text.z_arm_configure_static_mpu_regions
                0x080044b0       0x18 zephyr/arch/arch/arm/core/aarch32/mpu/libarch__arm__core__aarch32__mpu.a(arm_core_mpu.c.obj)
                0x080044b0                z_arm_configure_static_mpu_regions
 .text.z_arm_configure_dynamic_mpu_regions
                0x080044c8       0x20 zephyr/arch/arch/arm/core/aarch32/mpu/libarch__arm__core__aarch32__mpu.a(arm_core_mpu.c.obj)
                0x080044c8                z_arm_configure_dynamic_mpu_regions
 .text.mpu_configure_regions
                0x080044e8       0xb0 zephyr/arch/arch/arm/core/aarch32/mpu/libarch__arm__core__aarch32__mpu.a(arm_mpu.c.obj)
 .text.arm_core_mpu_enable
                0x08004598       0x14 zephyr/arch/arch/arm/core/aarch32/mpu/libarch__arm__core__aarch32__mpu.a(arm_mpu.c.obj)
                0x08004598                arm_core_mpu_enable
 .text.arm_core_mpu_disable
                0x080045ac       0x10 zephyr/arch/arch/arm/core/aarch32/mpu/libarch__arm__core__aarch32__mpu.a(arm_mpu.c.obj)
                0x080045ac                arm_core_mpu_disable
 .text.arm_core_mpu_configure_static_mpu_regions
                0x080045bc       0x50 zephyr/arch/arch/arm/core/aarch32/mpu/libarch__arm__core__aarch32__mpu.a(arm_mpu.c.obj)
                0x080045bc                arm_core_mpu_configure_static_mpu_regions
 .text.arm_core_mpu_configure_dynamic_mpu_regions
                0x0800460c       0x64 zephyr/arch/arch/arm/core/aarch32/mpu/libarch__arm__core__aarch32__mpu.a(arm_mpu.c.obj)
                0x0800460c                arm_core_mpu_configure_dynamic_mpu_regions
 .text.z_arm_mpu_init
                0x08004670       0xbc zephyr/arch/arch/arm/core/aarch32/mpu/libarch__arm__core__aarch32__mpu.a(arm_mpu.c.obj)
                0x08004670                z_arm_mpu_init
 .text.__stdout_hook_install
                0x0800472c        0xc zephyr/lib/libc/minimal/liblib__libc__minimal.a(stdout_console.c.obj)
                0x0800472c                __stdout_hook_install
 .text.bt_hex_real
                0x08004738       0x44 zephyr/subsys/bluetooth/common/libsubsys__bluetooth__common.a(log.c.obj)
                0x08004738                bt_hex_real
 .text.bt_addr_le_str_real
                0x0800477c       0x7c zephyr/subsys/bluetooth/common/libsubsys__bluetooth__common.a(log.c.obj)
                0x0800477c                bt_addr_le_str_real
 .text.uuid_to_uuid128
                0x080047f8       0x7c zephyr/subsys/bluetooth/host/libsubsys__bluetooth__host.a(uuid.c.obj)
 .text.bt_buf_get_rx
                0x08004874       0x60 zephyr/subsys/bluetooth/host/libsubsys__bluetooth__host.a(buf.c.obj)
                0x08004874                bt_buf_get_rx
 .text.bt_buf_get_cmd_complete
                0x080048d4       0x34 zephyr/subsys/bluetooth/host/libsubsys__bluetooth__host.a(buf.c.obj)
                0x080048d4                bt_buf_get_cmd_complete
 .text.bt_buf_get_evt
                0x08004908       0x54 zephyr/subsys/bluetooth/host/libsubsys__bluetooth__host.a(buf.c.obj)
                0x08004908                bt_buf_get_evt
 .text.hci_disconn_complete_prio
                0x0800495c       0x3c zephyr/subsys/bluetooth/host/libsubsys__bluetooth__host.a(hci_core.c.obj)
 .text.find_pending_connect.part.0
                0x08004998       0x3c zephyr/subsys/bluetooth/host/libsubsys__bluetooth__host.a(hci_core.c.obj)
 .text.le_conn_param_neg_reply.part.0
                0x080049d4       0x24 zephyr/subsys/bluetooth/host/libsubsys__bluetooth__host.a(hci_core.c.obj)
 .text.hci_encrypt_change
                0x080049f8       0xa4 zephyr/subsys/bluetooth/host/libsubsys__bluetooth__host.a(hci_core.c.obj)
 .text.hci_encrypt_key_refresh_complete
                0x08004a9c       0xa0 zephyr/subsys/bluetooth/host/libsubsys__bluetooth__host.a(hci_core.c.obj)
 .text.le_conn_update_complete
                0x08004b3c       0x98 zephyr/subsys/bluetooth/host/libsubsys__bluetooth__host.a(hci_core.c.obj)
 .text.handle_event.part.0
                0x08004bd4       0x48 zephyr/subsys/bluetooth/host/libsubsys__bluetooth__host.a(hci_core.c.obj)
 .text.handle_event
                0x08004c1c       0x58 zephyr/subsys/bluetooth/host/libsubsys__bluetooth__host.a(hci_core.c.obj)
 .text.hci_rx_thread
                0x08004c74      0x164 zephyr/subsys/bluetooth/host/libsubsys__bluetooth__host.a(hci_core.c.obj)
 .text.hci_le_meta_event
                0x08004dd8       0x20 zephyr/subsys/bluetooth/host/libsubsys__bluetooth__host.a(hci_core.c.obj)
 .text.hci_hardware_error
                0x08004df8       0x30 zephyr/subsys/bluetooth/host/libsubsys__bluetooth__host.a(hci_core.c.obj)
 .text.hci_cmd_done
                0x08004e28      0x134 zephyr/subsys/bluetooth/host/libsubsys__bluetooth__host.a(hci_core.c.obj)
 .text.le_data_len_change
                0x08004f5c       0x38 zephyr/subsys/bluetooth/host/libsubsys__bluetooth__host.a(hci_core.c.obj)
 .text.le_phy_update_complete
                0x08004f94       0x3c zephyr/subsys/bluetooth/host/libsubsys__bluetooth__host.a(hci_core.c.obj)
 .text.hci_disconn_complete
                0x08004fd0       0x4c zephyr/subsys/bluetooth/host/libsubsys__bluetooth__host.a(hci_core.c.obj)
 .text.hci_data_buf_overflow
                0x0800501c       0x2c zephyr/subsys/bluetooth/host/libsubsys__bluetooth__host.a(hci_core.c.obj)
 .text.le_remote_feat_complete
                0x08005048       0x58 zephyr/subsys/bluetooth/host/libsubsys__bluetooth__host.a(hci_core.c.obj)
 .text.hci_num_completed_packets
                0x080050a0      0x100 zephyr/subsys/bluetooth/host/libsubsys__bluetooth__host.a(hci_core.c.obj)
 .text.hci_cmd_status
                0x080051a0       0x2c zephyr/subsys/bluetooth/host/libsubsys__bluetooth__host.a(hci_core.c.obj)
 .text.hci_cmd_complete
                0x080051cc       0x30 zephyr/subsys/bluetooth/host/libsubsys__bluetooth__host.a(hci_core.c.obj)
 .text.bt_hci_cmd_state_set_init
                0x080051fc       0x24 zephyr/subsys/bluetooth/host/libsubsys__bluetooth__host.a(hci_core.c.obj)
                0x080051fc                bt_hci_cmd_state_set_init
 .text.bt_hci_cmd_create
                0x08005220       0x90 zephyr/subsys/bluetooth/host/libsubsys__bluetooth__host.a(hci_core.c.obj)
                0x08005220                bt_hci_cmd_create
 .text.bt_hci_cmd_send_sync
                0x080052b0       0xf8 zephyr/subsys/bluetooth/host/libsubsys__bluetooth__host.a(hci_core.c.obj)
                0x080052b0                bt_hci_cmd_send_sync
 .text.hci_le_read_max_data_len
                0x080053a8       0x50 zephyr/subsys/bluetooth/host/libsubsys__bluetooth__host.a(hci_core.c.obj)
 .text.bt_hci_le_enh_conn_complete
                0x080053f8      0x2ec zephyr/subsys/bluetooth/host/libsubsys__bluetooth__host.a(hci_core.c.obj)
                0x080053f8                bt_hci_le_enh_conn_complete
 .text.bt_security_err_get
                0x080056e4       0x10 zephyr/subsys/bluetooth/host/libsubsys__bluetooth__host.a(hci_core.c.obj)
                0x080056e4                bt_security_err_get
 .text.bt_send  0x080056f4       0x10 zephyr/subsys/bluetooth/host/libsubsys__bluetooth__host.a(hci_core.c.obj)
                0x080056f4                bt_send
 .text.bt_hci_cmd_send
                0x08005704       0x64 zephyr/subsys/bluetooth/host/libsubsys__bluetooth__host.a(hci_core.c.obj)
                0x08005704                bt_hci_cmd_send
 .text.le_ltk_request
                0x08005768       0xbc zephyr/subsys/bluetooth/host/libsubsys__bluetooth__host.a(hci_core.c.obj)
 .text.le_conn_param_req
                0x08005824       0xd0 zephyr/subsys/bluetooth/host/libsubsys__bluetooth__host.a(hci_core.c.obj)
 .text.hci_tx_thread
                0x080058f4      0x190 zephyr/subsys/bluetooth/host/libsubsys__bluetooth__host.a(hci_core.c.obj)
 .text.hci_event_prio
                0x08005a84       0xa4 zephyr/subsys/bluetooth/host/libsubsys__bluetooth__host.a(hci_core.c.obj)
                0x08005a84                hci_event_prio
 .text.bt_recv  0x08005b28       0x78 zephyr/subsys/bluetooth/host/libsubsys__bluetooth__host.a(hci_core.c.obj)
                0x08005b28                bt_recv
 .text.bt_hci_driver_register
                0x08005ba0       0x28 zephyr/subsys/bluetooth/host/libsubsys__bluetooth__host.a(hci_core.c.obj)
                0x08005ba0                bt_hci_driver_register
 .text.bt_finalize_init
                0x08005bc8        0xc zephyr/subsys/bluetooth/host/libsubsys__bluetooth__host.a(hci_core.c.obj)
                0x08005bc8                bt_finalize_init
 .text.init_work
                0x08005bd4       0x2c zephyr/subsys/bluetooth/host/libsubsys__bluetooth__host.a(hci_core.c.obj)
 .text.bt_enable
                0x08005c00      0x12c zephyr/subsys/bluetooth/host/libsubsys__bluetooth__host.a(hci_core.c.obj)
                0x08005c00                bt_enable
 .text.bt_get_name
                0x08005d2c        0x8 zephyr/subsys/bluetooth/host/libsubsys__bluetooth__host.a(hci_core.c.obj)
                0x08005d2c                bt_get_name
 .text.bt_id_del.part.0
                0x08005d34       0xe4 zephyr/subsys/bluetooth/host/libsubsys__bluetooth__host.a(id.c.obj)
 .text.bt_id_add.part.0
                0x08005e18      0x130 zephyr/subsys/bluetooth/host/libsubsys__bluetooth__host.a(id.c.obj)
 .text.id_find  0x08005f48       0x34 zephyr/subsys/bluetooth/host/libsubsys__bluetooth__host.a(id.c.obj)
 .text.set_random_address
                0x08005f7c       0x5c zephyr/subsys/bluetooth/host/libsubsys__bluetooth__host.a(id.c.obj)
 .text.id_create.isra.0
                0x08005fd8       0x64 zephyr/subsys/bluetooth/host/libsubsys__bluetooth__host.a(id.c.obj)
 .text.bt_id_pending_keys_update
                0x0800603c       0x34 zephyr/subsys/bluetooth/host/libsubsys__bluetooth__host.a(id.c.obj)
                0x0800603c                bt_id_pending_keys_update
 .text.bt_id_add
                0x08006070       0x6c zephyr/subsys/bluetooth/host/libsubsys__bluetooth__host.a(id.c.obj)
                0x08006070                bt_id_add
 .text.bt_id_del
                0x080060dc       0x6c zephyr/subsys/bluetooth/host/libsubsys__bluetooth__host.a(id.c.obj)
                0x080060dc                bt_id_del
 .text.bt_id_create
                0x08006148       0xb8 zephyr/subsys/bluetooth/host/libsubsys__bluetooth__host.a(id.c.obj)
                0x08006148                bt_id_create
 .text.bt_id_read_public_addr
                0x08006200       0x88 zephyr/subsys/bluetooth/host/libsubsys__bluetooth__host.a(id.c.obj)
                0x08006200                bt_id_read_public_addr
 .text.bt_setup_public_id_addr
                0x08006288       0x20 zephyr/subsys/bluetooth/host/libsubsys__bluetooth__host.a(id.c.obj)
                0x08006288                bt_setup_public_id_addr
 .text.bt_id_set_adv_own_addr
                0x080062a8       0xa0 zephyr/subsys/bluetooth/host/libsubsys__bluetooth__host.a(id.c.obj)
                0x080062a8                bt_id_set_adv_own_addr
 .text.bt_id_init
                0x08006348       0x60 zephyr/subsys/bluetooth/host/libsubsys__bluetooth__host.a(id.c.obj)
                0x08006348                bt_id_init
 .text.valid_adv_param
                0x080063a8       0x88 zephyr/subsys/bluetooth/host/libsubsys__bluetooth__host.a(adv.c.obj)
 .text.le_adv_start_add_conn
                0x08006430       0x88 zephyr/subsys/bluetooth/host/libsubsys__bluetooth__host.a(adv.c.obj)
 .text.hci_set_ad
                0x080064b8       0xe0 zephyr/subsys/bluetooth/host/libsubsys__bluetooth__host.a(adv.c.obj)
 .text.bt_le_ext_adv_foreach
                0x08006598        0xc zephyr/subsys/bluetooth/host/libsubsys__bluetooth__host.a(adv.c.obj)
                0x08006598                bt_le_ext_adv_foreach
 .text.bt_le_adv_lookup_legacy
                0x080065a4        0x8 zephyr/subsys/bluetooth/host/libsubsys__bluetooth__host.a(adv.c.obj)
                0x080065a4                bt_le_adv_lookup_legacy
 .text.bt_le_adv_stop.part.0
                0x080065ac       0x78 zephyr/subsys/bluetooth/host/libsubsys__bluetooth__host.a(adv.c.obj)
 .text.bt_le_adv_start_legacy
                0x08006624      0x268 zephyr/subsys/bluetooth/host/libsubsys__bluetooth__host.a(adv.c.obj)
                0x08006624                bt_le_adv_start_legacy
 .text.bt_le_adv_start
                0x0800688c       0x68 zephyr/subsys/bluetooth/host/libsubsys__bluetooth__host.a(adv.c.obj)
                0x0800688c                bt_le_adv_start
 .text.bt_le_adv_stop
                0x080068f4       0x34 zephyr/subsys/bluetooth/host/libsubsys__bluetooth__host.a(adv.c.obj)
                0x080068f4                bt_le_adv_stop
 .text.adv_timeout
                0x08006928       0x2c zephyr/subsys/bluetooth/host/libsubsys__bluetooth__host.a(adv.c.obj)
 .text.bt_le_adv_resume
                0x08006954       0x80 zephyr/subsys/bluetooth/host/libsubsys__bluetooth__host.a(adv.c.obj)
                0x08006954                bt_le_adv_resume
 .text.sys_memcpy_swap.constprop.0
                0x080069d4       0x5c zephyr/subsys/bluetooth/host/libsubsys__bluetooth__host.a(crypto.c.obj)
 .text.prng_reseed.constprop.0
                0x08006a30       0x84 zephyr/subsys/bluetooth/host/libsubsys__bluetooth__host.a(crypto.c.obj)
 .text.prng_init
                0x08006ab4       0x74 zephyr/subsys/bluetooth/host/libsubsys__bluetooth__host.a(crypto.c.obj)
                0x08006ab4                prng_init
 .text.bt_rand  0x08006b28       0x30 zephyr/subsys/bluetooth/host/libsubsys__bluetooth__host.a(crypto.c.obj)
                0x08006b28                bt_rand
 .text.bt_pub_key_is_debug
                0x08006b58       0x18 zephyr/subsys/bluetooth/host/libsubsys__bluetooth__host.a(ecc.c.obj)
                0x08006b58                bt_pub_key_is_debug
 .text.bt_pub_key_gen
                0x08006b70      0x12c zephyr/subsys/bluetooth/host/libsubsys__bluetooth__host.a(ecc.c.obj)
                0x08006b70                bt_pub_key_gen
 .text.bt_pub_key_get
                0x08006c9c       0x20 zephyr/subsys/bluetooth/host/libsubsys__bluetooth__host.a(ecc.c.obj)
                0x08006c9c                bt_pub_key_get
 .text.bt_dh_key_gen
                0x08006cbc       0xac zephyr/subsys/bluetooth/host/libsubsys__bluetooth__host.a(ecc.c.obj)
                0x08006cbc                bt_dh_key_gen
 .text.bt_hci_evt_le_pkey_complete
                0x08006d68       0x7c zephyr/subsys/bluetooth/host/libsubsys__bluetooth__host.a(ecc.c.obj)
                0x08006d68                bt_hci_evt_le_pkey_complete
 .text.bt_hci_evt_le_dhkey_complete
                0x08006de4       0x1c zephyr/subsys/bluetooth/host/libsubsys__bluetooth__host.a(ecc.c.obj)
                0x08006de4                bt_hci_evt_le_dhkey_complete
 .text.tx_free  0x08006e00       0x14 zephyr/subsys/bluetooth/host/libsubsys__bluetooth__host.a(conn.c.obj)
 .text.notify_connected
                0x08006e14       0x78 zephyr/subsys/bluetooth/host/libsubsys__bluetooth__host.a(conn.c.obj)
 .text.bt_conn_create_pdu_timeout.part.0
                0x08006e8c       0x28 zephyr/subsys/bluetooth/host/libsubsys__bluetooth__host.a(conn.c.obj)
 .text.send_frag
                0x08006eb4      0x160 zephyr/subsys/bluetooth/host/libsubsys__bluetooth__host.a(conn.c.obj)
 .text.bt_conn_get_pkts
                0x08007014        0x8 zephyr/subsys/bluetooth/host/libsubsys__bluetooth__host.a(conn.c.obj)
                0x08007014                bt_conn_get_pkts
 .text.bt_conn_new
                0x0800701c       0x68 zephyr/subsys/bluetooth/host/libsubsys__bluetooth__host.a(conn.c.obj)
                0x0800701c                bt_conn_new
 .text.conn_cleanup
                0x08007084       0x90 zephyr/subsys/bluetooth/host/libsubsys__bluetooth__host.a(conn.c.obj)
 .text.bt_conn_recv
                0x08007114      0x12c zephyr/subsys/bluetooth/host/libsubsys__bluetooth__host.a(conn.c.obj)
                0x08007114                bt_conn_recv
 .text.bt_conn_send_cb
                0x08007240       0xc8 zephyr/subsys/bluetooth/host/libsubsys__bluetooth__host.a(conn.c.obj)
                0x08007240                bt_conn_send_cb
 .text.bt_conn_prepare_events
                0x08007308       0x7c zephyr/subsys/bluetooth/host/libsubsys__bluetooth__host.a(conn.c.obj)
                0x08007308                bt_conn_prepare_events
 .text.bt_conn_unref
                0x08007384       0x70 zephyr/subsys/bluetooth/host/libsubsys__bluetooth__host.a(conn.c.obj)
                0x08007384                bt_conn_unref
 .text.bt_conn_lookup_handle
                0x080073f4       0x18 zephyr/subsys/bluetooth/host/libsubsys__bluetooth__host.a(conn.c.obj)
                0x080073f4                bt_conn_lookup_handle
 .text.bt_conn_set_state
                0x0800740c      0x1ec zephyr/subsys/bluetooth/host/libsubsys__bluetooth__host.a(conn.c.obj)
                0x0800740c                bt_conn_set_state
 .text.bt_conn_index
                0x080075f8       0x4c zephyr/subsys/bluetooth/host/libsubsys__bluetooth__host.a(conn.c.obj)
                0x080075f8                bt_conn_index
 .text.bt_conn_create_pdu_timeout
                0x08007644       0x60 zephyr/subsys/bluetooth/host/libsubsys__bluetooth__host.a(conn.c.obj)
                0x08007644                bt_conn_create_pdu_timeout
 .text.notify_le_param_updated
                0x080076a4       0xd8 zephyr/subsys/bluetooth/host/libsubsys__bluetooth__host.a(conn.c.obj)
                0x080076a4                notify_le_param_updated
 .text.le_param_req
                0x0800777c       0xac zephyr/subsys/bluetooth/host/libsubsys__bluetooth__host.a(conn.c.obj)
                0x0800777c                le_param_req
 .text.bt_conn_identity_resolved
                0x08007828       0x90 zephyr/subsys/bluetooth/host/libsubsys__bluetooth__host.a(conn.c.obj)
                0x08007828                bt_conn_identity_resolved
 .text.bt_conn_security_changed
                0x080078b8       0x88 zephyr/subsys/bluetooth/host/libsubsys__bluetooth__host.a(conn.c.obj)
                0x080078b8                bt_conn_security_changed
 .text.bt_conn_add_le
                0x08007940       0x38 zephyr/subsys/bluetooth/host/libsubsys__bluetooth__host.a(conn.c.obj)
                0x08007940                bt_conn_add_le
 .text.bt_conn_lookup_addr_le
                0x08007978       0x3c zephyr/subsys/bluetooth/host/libsubsys__bluetooth__host.a(conn.c.obj)
                0x08007978                bt_conn_lookup_addr_le
 .text.bt_conn_exists_le
                0x080079b4       0x5c zephyr/subsys/bluetooth/host/libsubsys__bluetooth__host.a(conn.c.obj)
                0x080079b4                bt_conn_exists_le
 .text.bt_conn_lookup_state_le
                0x08007a10       0x44 zephyr/subsys/bluetooth/host/libsubsys__bluetooth__host.a(conn.c.obj)
                0x08007a10                bt_conn_lookup_state_le
 .text.send_conn_le_param_update
                0x08007a54       0x6c zephyr/subsys/bluetooth/host/libsubsys__bluetooth__host.a(conn.c.obj)
 .text.deferred_work
                0x08007ac0       0xf8 zephyr/subsys/bluetooth/host/libsubsys__bluetooth__host.a(conn.c.obj)
 .text.bt_conn_create_frag_timeout
                0x08007bb8        0xc zephyr/subsys/bluetooth/host/libsubsys__bluetooth__host.a(conn.c.obj)
                0x08007bb8                bt_conn_create_frag_timeout
 .text.create_frag.isra.0
                0x08007bc4       0x6c zephyr/subsys/bluetooth/host/libsubsys__bluetooth__host.a(conn.c.obj)
 .text.bt_conn_process_tx
                0x08007c30       0xd0 zephyr/subsys/bluetooth/host/libsubsys__bluetooth__host.a(conn.c.obj)
                0x08007c30                bt_conn_process_tx
 .text.bt_conn_auth_cb_register
                0x08007d00       0x38 zephyr/subsys/bluetooth/host/libsubsys__bluetooth__host.a(conn.c.obj)
                0x08007d00                bt_conn_auth_cb_register
 .text.bt_conn_init
                0x08007d38       0x40 zephyr/subsys/bluetooth/host/libsubsys__bluetooth__host.a(conn.c.obj)
                0x08007d38                bt_conn_init
 .text.l2cap_create_le_sig_pdu.isra.0.part.0
                0x08007d78       0x28 zephyr/subsys/bluetooth/host/libsubsys__bluetooth__host.a(l2cap.c.obj)
 .text.l2cap_accept.part.0
                0x08007da0       0x2c zephyr/subsys/bluetooth/host/libsubsys__bluetooth__host.a(l2cap.c.obj)
 .text.l2cap_accept
                0x08007dcc       0x1c zephyr/subsys/bluetooth/host/libsubsys__bluetooth__host.a(l2cap.c.obj)
 .text.l2cap_rtx_timeout
                0x08007de8       0x3c zephyr/subsys/bluetooth/host/libsubsys__bluetooth__host.a(l2cap.c.obj)
 .text.bt_l2cap_connected
                0x08007e24       0xec zephyr/subsys/bluetooth/host/libsubsys__bluetooth__host.a(l2cap.c.obj)
                0x08007e24                bt_l2cap_connected
 .text.l2cap_recv.part.0
                0x08007f10       0xd8 zephyr/subsys/bluetooth/host/libsubsys__bluetooth__host.a(l2cap.c.obj)
 .text.l2cap_recv
                0x08007fe8       0x34 zephyr/subsys/bluetooth/host/libsubsys__bluetooth__host.a(l2cap.c.obj)
 .text.bt_l2cap_recv
                0x0800801c       0x68 zephyr/subsys/bluetooth/host/libsubsys__bluetooth__host.a(l2cap.c.obj)
                0x0800801c                bt_l2cap_recv
 .text.bt_l2cap_update_conn_param
                0x08008084       0x64 zephyr/subsys/bluetooth/host/libsubsys__bluetooth__host.a(l2cap.c.obj)
                0x08008084                bt_l2cap_update_conn_param
 .text.att_cfm_sent
                0x080080e8       0x10 zephyr/subsys/bluetooth/host/libsubsys__bluetooth__host.a(att.c.obj)
 .text.att_rsp_sent
                0x080080f8       0x10 zephyr/subsys/bluetooth/host/libsubsys__bluetooth__host.a(att.c.obj)
 .text.att_req_sent
                0x08008108       0x10 zephyr/subsys/bluetooth/host/libsubsys__bluetooth__host.a(att.c.obj)
 .text.bt_att_released
                0x08008118       0x18 zephyr/subsys/bluetooth/host/libsubsys__bluetooth__host.a(att.c.obj)
 .text.read_group_cb
                0x08008130       0xac zephyr/subsys/bluetooth/host/libsubsys__bluetooth__host.a(att.c.obj)
 .text.read_type_cb
                0x080081dc       0xa8 zephyr/subsys/bluetooth/host/libsubsys__bluetooth__host.a(att.c.obj)
 .text.chan_req_sent
                0x08008284       0x18 zephyr/subsys/bluetooth/host/libsubsys__bluetooth__host.a(att.c.obj)
 .text.bt_att_create_pdu.part.0
                0x0800829c       0x2c zephyr/subsys/bluetooth/host/libsubsys__bluetooth__host.a(att.c.obj)
 .text.find_type_cb
                0x080082c8      0x158 zephyr/subsys/bluetooth/host/libsubsys__bluetooth__host.a(att.c.obj)
 .text.bt_att_accept.part.0
                0x08008420       0x2c zephyr/subsys/bluetooth/host/libsubsys__bluetooth__host.a(att.c.obj)
 .text.att_get  0x0800844c       0x98 zephyr/subsys/bluetooth/host/libsubsys__bluetooth__host.a(att.c.obj)
 .text.bt_att_connected
                0x080084e4       0x58 zephyr/subsys/bluetooth/host/libsubsys__bluetooth__host.a(att.c.obj)
 .text.bt_att_accept
                0x0800853c       0xe0 zephyr/subsys/bluetooth/host/libsubsys__bluetooth__host.a(att.c.obj)
 .text.chan_send
                0x0800861c       0xf4 zephyr/subsys/bluetooth/host/libsubsys__bluetooth__host.a(att.c.obj)
 .text.bt_att_chan_req_send
                0x08008710       0x98 zephyr/subsys/bluetooth/host/libsubsys__bluetooth__host.a(att.c.obj)
 .text.bt_att_chan_send_rsp.constprop.0
                0x080087a8       0x24 zephyr/subsys/bluetooth/host/libsubsys__bluetooth__host.a(att.c.obj)
 .text.att_write_cmd
                0x080087cc       0x78 zephyr/subsys/bluetooth/host/libsubsys__bluetooth__host.a(att.c.obj)
 .text.bt_att_chan_create_pdu
                0x08008844       0x9c zephyr/subsys/bluetooth/host/libsubsys__bluetooth__host.a(att.c.obj)
                0x08008844                bt_att_chan_create_pdu
 .text.bt_att_recv
                0x080088e0      0x17c zephyr/subsys/bluetooth/host/libsubsys__bluetooth__host.a(att.c.obj)
 .text.att_write_req
                0x08008a5c       0xb4 zephyr/subsys/bluetooth/host/libsubsys__bluetooth__host.a(att.c.obj)
 .text.att_read_group_req
                0x08008b10      0x104 zephyr/subsys/bluetooth/host/libsubsys__bluetooth__host.a(att.c.obj)
 .text.att_read_mult_req
                0x08008c14       0x94 zephyr/subsys/bluetooth/host/libsubsys__bluetooth__host.a(att.c.obj)
 .text.att_read_rsp
                0x08008ca8       0x90 zephyr/subsys/bluetooth/host/libsubsys__bluetooth__host.a(att.c.obj)
 .text.att_read_type_req
                0x08008d38       0xc0 zephyr/subsys/bluetooth/host/libsubsys__bluetooth__host.a(att.c.obj)
 .text.att_find_type_req
                0x08008df8       0xd4 zephyr/subsys/bluetooth/host/libsubsys__bluetooth__host.a(att.c.obj)
 .text.att_find_info_req
                0x08008ecc       0x70 zephyr/subsys/bluetooth/host/libsubsys__bluetooth__host.a(att.c.obj)
 .text.bt_att_req_alloc
                0x08008f3c       0x44 zephyr/subsys/bluetooth/host/libsubsys__bluetooth__host.a(att.c.obj)
                0x08008f3c                bt_att_req_alloc
 .text.bt_att_req_free
                0x08008f80       0x24 zephyr/subsys/bluetooth/host/libsubsys__bluetooth__host.a(att.c.obj)
                0x08008f80                bt_att_req_free
 .text.att_handle_rsp
                0x08008fa4       0x84 zephyr/subsys/bluetooth/host/libsubsys__bluetooth__host.a(att.c.obj)
 .text.bt_att_disconnected
                0x08009028       0xa8 zephyr/subsys/bluetooth/host/libsubsys__bluetooth__host.a(att.c.obj)
 .text.att_timeout
                0x080090d0       0x30 zephyr/subsys/bluetooth/host/libsubsys__bluetooth__host.a(att.c.obj)
 .text.bt_att_send
                0x08009100       0xd4 zephyr/subsys/bluetooth/host/libsubsys__bluetooth__host.a(att.c.obj)
                0x08009100                bt_att_send
 .text.bt_att_req_send
                0x080091d4       0x74 zephyr/subsys/bluetooth/host/libsubsys__bluetooth__host.a(att.c.obj)
                0x080091d4                bt_att_req_send
 .text.sc_save.part.0
                0x08009248       0x24 zephyr/subsys/bluetooth/host/libsubsys__bluetooth__host.a(gatt.c.obj)
 .text.cf_write.part.0
                0x0800926c       0x28 zephyr/subsys/bluetooth/host/libsubsys__bluetooth__host.a(gatt.c.obj)
 .text.find_sc_cfg
                0x08009294       0x44 zephyr/subsys/bluetooth/host/libsubsys__bluetooth__host.a(gatt.c.obj)
 .text.find_cf_cfg
                0x080092d8       0x60 zephyr/subsys/bluetooth/host/libsubsys__bluetooth__host.a(gatt.c.obj)
 .text.sc_indicate_rsp
                0x08009338       0x5c zephyr/subsys/bluetooth/host/libsubsys__bluetooth__host.a(gatt.c.obj)
 .text.bt_gatt_attr_write_ccc
                0x08009394       0xd4 zephyr/subsys/bluetooth/host/libsubsys__bluetooth__host.a(gatt.c.obj)
                0x08009394                bt_gatt_attr_write_ccc
 .text.read_ppcp
                0x08009468       0x38 zephyr/subsys/bluetooth/host/libsubsys__bluetooth__host.a(gatt.c.obj)
 .text.disconnected_cb
                0x080094a0       0xc0 zephyr/subsys/bluetooth/host/libsubsys__bluetooth__host.a(gatt.c.obj)
 .text.bt_gatt_init
                0x08009560       0xdc zephyr/subsys/bluetooth/host/libsubsys__bluetooth__host.a(gatt.c.obj)
                0x08009560                bt_gatt_init
 .text.bt_gatt_attr_get_handle
                0x0800963c       0x98 zephyr/subsys/bluetooth/host/libsubsys__bluetooth__host.a(gatt.c.obj)
                0x0800963c                bt_gatt_attr_get_handle
 .text.bt_gatt_foreach_attr_type
                0x080096d4       0xec zephyr/subsys/bluetooth/host/libsubsys__bluetooth__host.a(gatt.c.obj)
                0x080096d4                bt_gatt_foreach_attr_type
 .text.db_hash_gen.isra.0
                0x080097c0       0x9c zephyr/subsys/bluetooth/host/libsubsys__bluetooth__host.a(gatt.c.obj)
 .text.gatt_indicate
                0x0800985c       0xd4 zephyr/subsys/bluetooth/host/libsubsys__bluetooth__host.a(gatt.c.obj)
 .text.bt_gatt_indicate
                0x08009930      0x150 zephyr/subsys/bluetooth/host/libsubsys__bluetooth__host.a(gatt.c.obj)
                0x08009930                bt_gatt_indicate
 .text.sc_process
                0x08009a80       0xa4 zephyr/subsys/bluetooth/host/libsubsys__bluetooth__host.a(gatt.c.obj)
 .text.gatt_notify
                0x08009b24       0x9c zephyr/subsys/bluetooth/host/libsubsys__bluetooth__host.a(gatt.c.obj)
 .text.bt_gatt_notify_cb
                0x08009bc0      0x148 zephyr/subsys/bluetooth/host/libsubsys__bluetooth__host.a(gatt.c.obj)
                0x08009bc0                bt_gatt_notify_cb
 .text.notify_cb.part.0
                0x08009d08      0x11c zephyr/subsys/bluetooth/host/libsubsys__bluetooth__host.a(gatt.c.obj)
 .text.notify_cb
                0x08009e24       0x18 zephyr/subsys/bluetooth/host/libsubsys__bluetooth__host.a(gatt.c.obj)
 .text.update_ccc
                0x08009e3c      0x120 zephyr/subsys/bluetooth/host/libsubsys__bluetooth__host.a(gatt.c.obj)
 .text.bt_gatt_connected
                0x08009f5c       0x58 zephyr/subsys/bluetooth/host/libsubsys__bluetooth__host.a(gatt.c.obj)
                0x08009f5c                bt_gatt_connected
 .text.bt_gatt_att_max_mtu_changed
                0x08009fb4       0x28 zephyr/subsys/bluetooth/host/libsubsys__bluetooth__host.a(gatt.c.obj)
                0x08009fb4                bt_gatt_att_max_mtu_changed
 .text.bt_gatt_encrypt_change
                0x08009fdc       0x20 zephyr/subsys/bluetooth/host/libsubsys__bluetooth__host.a(gatt.c.obj)
                0x08009fdc                bt_gatt_encrypt_change
 .text.db_hash_read
                0x08009ffc       0x64 zephyr/subsys/bluetooth/host/libsubsys__bluetooth__host.a(gatt.c.obj)
 .text.bt_gatt_disconnected
                0x0800a060       0x60 zephyr/subsys/bluetooth/host/libsubsys__bluetooth__host.a(gatt.c.obj)
                0x0800a060                bt_gatt_disconnected
 .text.get_io_capa
                0x0800a0c0       0x4c zephyr/subsys/bluetooth/host/libsubsys__bluetooth__host.a(smp.c.obj)
 .text.sys_memcpy_swap
                0x0800a10c       0x5c zephyr/subsys/bluetooth/host/libsubsys__bluetooth__host.a(smp.c.obj)
 .text.smp_find
                0x0800a168       0x1c zephyr/subsys/bluetooth/host/libsubsys__bluetooth__host.a(smp.c.obj)
 .text.get_auth.isra.0
                0x0800a184       0x3c zephyr/subsys/bluetooth/host/libsubsys__bluetooth__host.a(smp.c.obj)
 .text.smp_create_pdu.isra.0
                0x0800a1c0       0x40 zephyr/subsys/bluetooth/host/libsubsys__bluetooth__host.a(smp.c.obj)
 .text.smp_send.isra.0
                0x0800a200       0x3c zephyr/subsys/bluetooth/host/libsubsys__bluetooth__host.a(smp.c.obj)
 .text.smp_init
                0x0800a23c       0x38 zephyr/subsys/bluetooth/host/libsubsys__bluetooth__host.a(smp.c.obj)
 .text.bt_smp_pkey_ready.part.0
                0x0800a274       0x24 zephyr/subsys/bluetooth/host/libsubsys__bluetooth__host.a(smp.c.obj)
 .text.smp_encrypt_info
                0x0800a298       0x78 zephyr/subsys/bluetooth/host/libsubsys__bluetooth__host.a(smp.c.obj)
 .text.smp_ident_info
                0x0800a310       0x78 zephyr/subsys/bluetooth/host/libsubsys__bluetooth__host.a(smp.c.obj)
 .text.smp_pairing_req
                0x0800a388      0x35c zephyr/subsys/bluetooth/host/libsubsys__bluetooth__host.a(smp.c.obj)
 .text.smp_dhkey_generate
                0x0800a6e4       0x4c zephyr/subsys/bluetooth/host/libsubsys__bluetooth__host.a(smp.c.obj)
 .text.bt_smp_accept.part.0
                0x0800a730       0x2c zephyr/subsys/bluetooth/host/libsubsys__bluetooth__host.a(smp.c.obj)
 .text.bt_smp_accept
                0x0800a75c       0x24 zephyr/subsys/bluetooth/host/libsubsys__bluetooth__host.a(smp.c.obj)
 .text.smp_chan_get.part.0
                0x0800a780       0x28 zephyr/subsys/bluetooth/host/libsubsys__bluetooth__host.a(smp.c.obj)
 .text.compute_and_check_and_send_periph_dhcheck
                0x0800a7a8      0x214 zephyr/subsys/bluetooth/host/libsubsys__bluetooth__host.a(smp.c.obj)
 .text.smp_send_pairing_confirm
                0x0800a9bc       0x9c zephyr/subsys/bluetooth/host/libsubsys__bluetooth__host.a(smp.c.obj)
 .text.smp_public_key_periph
                0x0800aa58      0x164 zephyr/subsys/bluetooth/host/libsubsys__bluetooth__host.a(smp.c.obj)
 .text.smp_public_key
                0x0800abbc       0xa4 zephyr/subsys/bluetooth/host/libsubsys__bluetooth__host.a(smp.c.obj)
 .text.bt_smp_connected
                0x0800ac60       0x1c zephyr/subsys/bluetooth/host/libsubsys__bluetooth__host.a(smp.c.obj)
 .text.smp_pairing_confirm
                0x0800ac7c       0x84 zephyr/subsys/bluetooth/host/libsubsys__bluetooth__host.a(smp.c.obj)
 .text.smp_pairing_random
                0x0800ad00      0x260 zephyr/subsys/bluetooth/host/libsubsys__bluetooth__host.a(smp.c.obj)
 .text.bt_smp_start_security
                0x0800af60      0x184 zephyr/subsys/bluetooth/host/libsubsys__bluetooth__host.a(smp.c.obj)
                0x0800af60                bt_smp_start_security
 .text.smp_pairing_complete
                0x0800b0e4       0xe8 zephyr/subsys/bluetooth/host/libsubsys__bluetooth__host.a(smp.c.obj)
 .text.bt_smp_recv
                0x0800b1cc      0x124 zephyr/subsys/bluetooth/host/libsubsys__bluetooth__host.a(smp.c.obj)
 .text.bt_smp_pkey_ready
                0x0800b2f0       0x48 zephyr/subsys/bluetooth/host/libsubsys__bluetooth__host.a(smp.c.obj)
 .text.smp_ident_addr_info
                0x0800b338      0x180 zephyr/subsys/bluetooth/host/libsubsys__bluetooth__host.a(smp.c.obj)
 .text.smp_central_ident
                0x0800b4b8       0xb0 zephyr/subsys/bluetooth/host/libsubsys__bluetooth__host.a(smp.c.obj)
 .text.smp_pairing_failed
                0x0800b568       0x6c zephyr/subsys/bluetooth/host/libsubsys__bluetooth__host.a(smp.c.obj)
 .text.bt_smp_encrypt_change
                0x0800b5d4      0x230 zephyr/subsys/bluetooth/host/libsubsys__bluetooth__host.a(smp.c.obj)
 .text.smp_timeout
                0x0800b804       0x3c zephyr/subsys/bluetooth/host/libsubsys__bluetooth__host.a(smp.c.obj)
 .text.smp_ident_sent
                0x0800b840       0x60 zephyr/subsys/bluetooth/host/libsubsys__bluetooth__host.a(smp.c.obj)
 .text.bt_smp_update_keys
                0x0800b8a0      0x120 zephyr/subsys/bluetooth/host/libsubsys__bluetooth__host.a(smp.c.obj)
                0x0800b8a0                bt_smp_update_keys
 .text.bt_smp_init
                0x0800b9c0       0x2c zephyr/subsys/bluetooth/host/libsubsys__bluetooth__host.a(smp.c.obj)
                0x0800b9c0                bt_smp_init
 .text.bt_keys_get_addr
                0x0800b9ec       0x50 zephyr/subsys/bluetooth/host/libsubsys__bluetooth__host.a(keys.c.obj)
                0x0800b9ec                bt_keys_get_addr
 .text.bt_keys_foreach
                0x0800ba3c       0x1c zephyr/subsys/bluetooth/host/libsubsys__bluetooth__host.a(keys.c.obj)
                0x0800ba3c                bt_keys_foreach
 .text.bt_keys_find
                0x0800ba58       0x2c zephyr/subsys/bluetooth/host/libsubsys__bluetooth__host.a(keys.c.obj)
                0x0800ba58                bt_keys_find
 .text.bt_keys_find_irk
                0x0800ba84       0x74 zephyr/subsys/bluetooth/host/libsubsys__bluetooth__host.a(keys.c.obj)
                0x0800ba84                bt_keys_find_irk
 .text.bt_keys_find_addr
                0x0800baf8       0x20 zephyr/subsys/bluetooth/host/libsubsys__bluetooth__host.a(keys.c.obj)
                0x0800baf8                bt_keys_find_addr
 .text.net_buf_pool_get
                0x0800bb18       0x10 zephyr/subsys/net/libsubsys__net.a(buf.c.obj)
                0x0800bb18                net_buf_pool_get
 .text.net_buf_id
                0x0800bb28       0x24 zephyr/subsys/net/libsubsys__net.a(buf.c.obj)
                0x0800bb28                net_buf_id
 .text.fixed_data_alloc
                0x0800bb4c       0x30 zephyr/subsys/net/libsubsys__net.a(buf.c.obj)
 .text.net_buf_reset
                0x0800bb7c       0x50 zephyr/subsys/net/libsubsys__net.a(buf.c.obj)
                0x0800bb7c                net_buf_reset
 .text.net_buf_alloc_len
                0x0800bbcc      0x22c zephyr/subsys/net/libsubsys__net.a(buf.c.obj)
                0x0800bbcc                net_buf_alloc_len
 .text.net_buf_get
                0x0800bdf8       0x68 zephyr/subsys/net/libsubsys__net.a(buf.c.obj)
                0x0800bdf8                net_buf_get
 .text.net_buf_simple_reserve
                0x0800be60       0x54 zephyr/subsys/net/libsubsys__net.a(buf.c.obj)
                0x0800be60                net_buf_simple_reserve
 .text.net_buf_put
                0x0800beb4       0x68 zephyr/subsys/net/libsubsys__net.a(buf.c.obj)
                0x0800beb4                net_buf_put
 .text.net_buf_unref
                0x0800bf1c       0x8c zephyr/subsys/net/libsubsys__net.a(buf.c.obj)
                0x0800bf1c                net_buf_unref
 .text.net_buf_ref
                0x0800bfa8       0x34 zephyr/subsys/net/libsubsys__net.a(buf.c.obj)
                0x0800bfa8                net_buf_ref
 .text.net_buf_frag_last
                0x0800bfdc       0x34 zephyr/subsys/net/libsubsys__net.a(buf.c.obj)
                0x0800bfdc                net_buf_frag_last
 .text.net_buf_frag_insert
                0x0800c010       0x5c zephyr/subsys/net/libsubsys__net.a(buf.c.obj)
                0x0800c010                net_buf_frag_insert
 .text.net_buf_frag_add
                0x0800c06c       0x48 zephyr/subsys/net/libsubsys__net.a(buf.c.obj)
                0x0800c06c                net_buf_frag_add
 .text.net_buf_simple_push
                0x0800c0b4       0x44 zephyr/subsys/net/libsubsys__net.a(buf.c.obj)
                0x0800c0b4                net_buf_simple_push
 .text.net_buf_simple_pull
                0x0800c0f8       0x40 zephyr/subsys/net/libsubsys__net.a(buf.c.obj)
                0x0800c0f8                net_buf_simple_pull
 .text.net_buf_simple_pull_mem
                0x0800c138       0x44 zephyr/subsys/net/libsubsys__net.a(buf.c.obj)
                0x0800c138                net_buf_simple_pull_mem
 .text.net_buf_simple_add
                0x0800c17c       0x44 zephyr/subsys/net/libsubsys__net.a(buf.c.obj)
                0x0800c17c                net_buf_simple_add
 .text.__stm32_exti_isr.isra.0
                0x0800c1c0       0x40 zephyr/drivers/interrupt_controller/libdrivers__interrupt_controller.a(intc_exti_stm32.c.obj)
 .text.z_stm32_hsem_lock.constprop.0
                0x0800c200       0x30 zephyr/drivers/interrupt_controller/libdrivers__interrupt_controller.a(intc_exti_stm32.c.obj)
 .text.stm32_exti_enable
                0x0800c230       0x20 zephyr/drivers/interrupt_controller/libdrivers__interrupt_controller.a(intc_exti_stm32.c.obj)
                0x0800c230                stm32_exti_enable
 .text.stm32_exti_disable
                0x0800c250       0x34 zephyr/drivers/interrupt_controller/libdrivers__interrupt_controller.a(intc_exti_stm32.c.obj)
                0x0800c250                stm32_exti_disable
 .text.stm32_exti_trigger
                0x0800c284       0x74 zephyr/drivers/interrupt_controller/libdrivers__interrupt_controller.a(intc_exti_stm32.c.obj)
                0x0800c284                stm32_exti_trigger
 .text.stm32_exti_set_callback
                0x0800c2f8       0x24 zephyr/drivers/interrupt_controller/libdrivers__interrupt_controller.a(intc_exti_stm32.c.obj)
                0x0800c2f8                stm32_exti_set_callback
 .text.stm32_exti_unset_callback
                0x0800c31c       0x14 zephyr/drivers/interrupt_controller/libdrivers__interrupt_controller.a(intc_exti_stm32.c.obj)
                0x0800c31c                stm32_exti_unset_callback
 .text.stm32_clock_control_get_subsys_rate
                0x0800c330       0x20 zephyr/drivers/clock_control/libdrivers__clock_control.a(clock_stm32_ll_common.c.obj)
 .text.stm32_clock_control_init
                0x0800c350      0x104 zephyr/drivers/clock_control/libdrivers__clock_control.a(clock_stm32_ll_common.c.obj)
                0x0800c350                stm32_clock_control_init
 .text.config_enable_default_clocks
                0x0800c454       0x88 zephyr/drivers/clock_control/libdrivers__clock_control.a(clock_stm32l4_l5_wb_wl.c.obj)
                0x0800c454                config_enable_default_clocks
 .text.uart_console_init
                0x0800c4dc       0x30 zephyr/drivers/console/libdrivers__console.a(uart_console.c.obj)
 .text.console_out
                0x0800c50c       0x28 zephyr/drivers/console/libdrivers__console.a(uart_console.c.obj)
 .text.gpio_stm32_manage_callback
                0x0800c534       0xac zephyr/drivers/gpio/libdrivers__gpio.a(gpio_stm32.c.obj)
 .text.gpio_stm32_isr
                0x0800c5e0       0x78 zephyr/drivers/gpio/libdrivers__gpio.a(gpio_stm32.c.obj)
 .text.z_stm32_hsem_lock.constprop.0
                0x0800c658       0x34 zephyr/drivers/gpio/libdrivers__gpio.a(gpio_stm32.c.obj)
 .text.gpio_stm32_port_toggle_bits
                0x0800c68c       0x24 zephyr/drivers/gpio/libdrivers__gpio.a(gpio_stm32.c.obj)
 .text.gpio_stm32_port_set_masked_raw
                0x0800c6b0       0x2c zephyr/drivers/gpio/libdrivers__gpio.a(gpio_stm32.c.obj)
 .text.gpio_stm32_configure_raw.isra.0
                0x0800c6dc      0x124 zephyr/drivers/gpio/libdrivers__gpio.a(gpio_stm32.c.obj)
 .text.gpio_stm32_init
                0x0800c800       0x30 zephyr/drivers/gpio/libdrivers__gpio.a(gpio_stm32.c.obj)
 .text.gpio_stm32_pin_interrupt_configure
                0x0800c830      0x118 zephyr/drivers/gpio/libdrivers__gpio.a(gpio_stm32.c.obj)
 .text.gpio_pin_set_dt
                0x0800c948       0x8c zephyr/drivers/spi/libdrivers__spi.a(spi_ll_stm32.c.obj)
 .text.spi_stm32_init
                0x0800c9d4      0x1e8 zephyr/drivers/spi/libdrivers__spi.a(spi_ll_stm32.c.obj)
 .text.spi_stm32_transceive
                0x0800cbbc      0x558 zephyr/drivers/spi/libdrivers__spi.a(spi_ll_stm32.c.obj)
 .text.uart_stm32_set_baudrate
                0x0800d114      0x120 zephyr/drivers/serial/libdrivers__serial.a(uart_stm32.c.obj)
 .text.uart_stm32_configure
                0x0800d234      0x13c zephyr/drivers/serial/libdrivers__serial.a(uart_stm32.c.obj)
 .text.uart_stm32_init
                0x0800d370      0x110 zephyr/drivers/serial/libdrivers__serial.a(uart_stm32.c.obj)
 .text.TM_EvtReceivedCb
                0x0800d480        0xc zephyr/drivers/bluetooth/libdrivers__bluetooth.a(ipm_stm32wb.c.obj)
                0x0800d480                TM_EvtReceivedCb
 .text.TM_AclDataAck
                0x0800d48c        0xc zephyr/drivers/bluetooth/libdrivers__bluetooth.a(ipm_stm32wb.c.obj)
 .text.sysevt_received
                0x0800d498        0xc zephyr/drivers/bluetooth/libdrivers__bluetooth.a(ipm_stm32wb.c.obj)
 .text.bt_ipm_close.part.0
                0x0800d4a4       0x28 zephyr/drivers/bluetooth/libdrivers__bluetooth.a(ipm_stm32wb.c.obj)
 .text.bt_ipm_close
                0x0800d4cc       0x48 zephyr/drivers/bluetooth/libdrivers__bluetooth.a(ipm_stm32wb.c.obj)
 .text.bt_ipm_rx_thread
                0x0800d514      0x1c4 zephyr/drivers/bluetooth/libdrivers__bluetooth.a(ipm_stm32wb.c.obj)
 .text.bt_ipm_send
                0x0800d6d8       0xb0 zephyr/drivers/bluetooth/libdrivers__bluetooth.a(ipm_stm32wb.c.obj)
 .text.shci_cmd_resp_release
                0x0800d788        0xc zephyr/drivers/bluetooth/libdrivers__bluetooth.a(ipm_stm32wb.c.obj)
                0x0800d788                shci_cmd_resp_release
 .text.shci_cmd_resp_wait
                0x0800d794       0x10 zephyr/drivers/bluetooth/libdrivers__bluetooth.a(ipm_stm32wb.c.obj)
                0x0800d794                shci_cmd_resp_wait
 .text.ipcc_reset
                0x0800d7a4       0x60 zephyr/drivers/bluetooth/libdrivers__bluetooth.a(ipm_stm32wb.c.obj)
                0x0800d7a4                ipcc_reset
 .text.transport_init
                0x0800d804       0x70 zephyr/drivers/bluetooth/libdrivers__bluetooth.a(ipm_stm32wb.c.obj)
                0x0800d804                transport_init
 .text.c2_reset
                0x0800d874      0x120 zephyr/drivers/bluetooth/libdrivers__bluetooth.a(ipm_stm32wb.c.obj)
 .text._bt_ipm_init
                0x0800d994       0x14 zephyr/drivers/bluetooth/libdrivers__bluetooth.a(ipm_stm32wb.c.obj)
 .text.bt_get_ble_addr
                0x0800d9a8       0x34 zephyr/drivers/bluetooth/libdrivers__bluetooth.a(ipm_stm32wb.c.obj)
                0x0800d9a8                bt_get_ble_addr
 .text.bt_ipm_open
                0x0800d9dc      0x130 zephyr/drivers/bluetooth/libdrivers__bluetooth.a(ipm_stm32wb.c.obj)
 .text.elapsed  0x0800db0c       0x3c zephyr/drivers/timer/libdrivers__timer.a(cortex_m_systick.c.obj)
 .text.sys_clock_driver_init
                0x0800db48       0x38 zephyr/drivers/timer/libdrivers__timer.a(cortex_m_systick.c.obj)
 .text.sys_clock_isr
                0x0800db80       0x44 zephyr/drivers/timer/libdrivers__timer.a(cortex_m_systick.c.obj)
                0x0800db80                sys_clock_isr
 .text.sys_clock_set_timeout
                0x0800dbc4      0x144 zephyr/drivers/timer/libdrivers__timer.a(cortex_m_systick.c.obj)
                0x0800dbc4                sys_clock_set_timeout
 .text.sys_clock_elapsed
                0x0800dd08       0xa8 zephyr/drivers/timer/libdrivers__timer.a(cortex_m_systick.c.obj)
                0x0800dd08                sys_clock_elapsed
 .text.sys_clock_cycle_get_32
                0x0800ddb0       0x98 zephyr/drivers/timer/libdrivers__timer.a(cortex_m_systick.c.obj)
                0x0800ddb0                sys_clock_cycle_get_32
 .text.pinctrl_configure_pins
                0x0800de48       0xcc zephyr/drivers/pinctrl/libdrivers__pinctrl.a(pinctrl_stm32.c.obj)
                0x0800de48                pinctrl_configure_pins
 .text.HAL_RCC_GetSysClockFreq
                0x0800df14       0xa4 modules/stm32/stm32cube/lib..__modules__hal__stm32__stm32cube.a(stm32wbxx_hal_rcc.c.obj)
                0x0800df14                HAL_RCC_GetSysClockFreq
 .text.HAL_NVIC_EnableIRQ
                0x0800dfb8       0x1c modules/stm32/stm32cube/lib..__modules__hal__stm32__stm32cube.a(stm32wbxx_hal_cortex.c.obj)
                0x0800dfb8                HAL_NVIC_EnableIRQ
 .text.LL_SetSystemCoreClock
                0x0800dfd4        0xc modules/stm32/stm32cube/lib..__modules__hal__stm32__stm32cube.a(stm32wbxx_ll_utils.c.obj)
                0x0800dfd4                LL_SetSystemCoreClock
 .text.LL_SetFlashLatency
                0x0800dfe0       0xc0 modules/stm32/stm32cube/lib..__modules__hal__stm32__stm32cube.a(stm32wbxx_ll_utils.c.obj)
                0x0800dfe0                LL_SetFlashLatency
 .text.z_sys_init_run_level
                0x0800e0a0       0x40 zephyr/kernel/libkernel.a(device.c.obj)
                0x0800e0a0                z_sys_init_run_level
 .text.z_impl_device_get_binding
                0x0800e0e0       0x58 zephyr/kernel/libkernel.a(device.c.obj)
                0x0800e0e0                z_impl_device_get_binding
 .text.k_sys_fatal_error_handler
                0x0800e138       0x30 zephyr/kernel/libkernel.a(fatal.c.obj)
                0x0800e138                k_sys_fatal_error_handler
 .text.z_fatal_error
                0x0800e168      0x128 zephyr/kernel/libkernel.a(fatal.c.obj)
                0x0800e168                z_fatal_error
 .text.bg_thread_main
                0x0800e290       0x34 zephyr/kernel/libkernel.a(init.c.obj)
 .text.z_bss_zero
                0x0800e2c4       0x18 zephyr/kernel/libkernel.a(init.c.obj)
                0x0800e2c4                z_bss_zero
 .text.z_init_cpu
                0x0800e2dc       0x70 zephyr/kernel/libkernel.a(init.c.obj)
                0x0800e2dc                z_init_cpu
 .text.z_cstart
                0x0800e34c       0xd4 zephyr/kernel/libkernel.a(init.c.obj)
                0x0800e34c                z_cstart
 .text.statics_init
                0x0800e420       0x58 zephyr/kernel/libkernel.a(kheap.c.obj)
 .text.k_heap_aligned_alloc
                0x0800e478      0x15c zephyr/kernel/libkernel.a(kheap.c.obj)
                0x0800e478                k_heap_aligned_alloc
 .text.k_heap_free
                0x0800e5d4       0xa8 zephyr/kernel/libkernel.a(kheap.c.obj)
                0x0800e5d4                k_heap_free
 .text.init_mem_slab_module
                0x0800e67c       0x78 zephyr/kernel/libkernel.a(mem_slab.c.obj)
 .text.k_mem_slab_alloc
                0x0800e6f4       0xd8 zephyr/kernel/libkernel.a(mem_slab.c.obj)
                0x0800e6f4                k_mem_slab_alloc
 .text.k_mem_slab_free
                0x0800e7cc       0xc8 zephyr/kernel/libkernel.a(mem_slab.c.obj)
                0x0800e7cc                k_mem_slab_free
 .text.z_setup_new_thread
                0x0800e894       0xc8 zephyr/kernel/libkernel.a(thread.c.obj)
                0x0800e894                z_setup_new_thread
 .text.z_impl_k_thread_create
                0x0800e95c       0x9c zephyr/kernel/libkernel.a(thread.c.obj)
                0x0800e95c                z_impl_k_thread_create
 .text.z_init_static_threads
                0x0800e9f8       0xf8 zephyr/kernel/libkernel.a(thread.c.obj)
                0x0800e9f8                z_init_static_threads
 .text.z_spin_lock_valid
                0x0800eaf0       0x1c zephyr/kernel/libkernel.a(thread.c.obj)
                0x0800eaf0                z_spin_lock_valid
 .text.z_spin_unlock_valid
                0x0800eb0c       0x20 zephyr/kernel/libkernel.a(thread.c.obj)
                0x0800eb0c                z_spin_unlock_valid
 .text.z_spin_lock_set_owner
                0x0800eb2c       0x10 zephyr/kernel/libkernel.a(thread.c.obj)
                0x0800eb2c                z_spin_lock_set_owner
 .text.idle     0x0800eb3c       0x48 zephyr/kernel/libkernel.a(idle.c.obj)
                0x0800eb3c                idle
 .text.queue_insert
                0x0800eb84      0x134 zephyr/kernel/libkernel.a(queue.c.obj)
 .text.k_queue_append_list
                0x0800ecb8       0xbc zephyr/kernel/libkernel.a(queue.c.obj)
                0x0800ecb8                k_queue_append_list
 .text.z_impl_k_queue_get
                0x0800ed74       0xd8 zephyr/kernel/libkernel.a(queue.c.obj)
                0x0800ed74                z_impl_k_queue_get
 .text.z_impl_k_sem_give
                0x0800ee4c       0x88 zephyr/kernel/libkernel.a(sem.c.obj)
                0x0800ee4c                z_impl_k_sem_give
 .text.z_impl_k_sem_take
                0x0800eed4      0x114 zephyr/kernel/libkernel.a(sem.c.obj)
                0x0800eed4                z_impl_k_sem_take
 .text.k_sys_work_q_init
                0x0800efe8       0x34 zephyr/kernel/libkernel.a(system_work_q.c.obj)
 .text.work_queue_main
                0x0800f01c      0x228 zephyr/kernel/libkernel.a(work.c.obj)
 .text.cancel_sync_locked
                0x0800f244       0x3c zephyr/kernel/libkernel.a(work.c.obj)
 .text.submit_to_queue_locked
                0x0800f280       0xc8 zephyr/kernel/libkernel.a(work.c.obj)
 .text.work_timeout
                0x0800f348       0xac zephyr/kernel/libkernel.a(work.c.obj)
 .text.k_work_init
                0x0800f3f4       0x50 zephyr/kernel/libkernel.a(work.c.obj)
                0x0800f3f4                k_work_init
 .text.k_work_submit_to_queue
                0x0800f444       0xc8 zephyr/kernel/libkernel.a(work.c.obj)
                0x0800f444                k_work_submit_to_queue
 .text.k_work_submit
                0x0800f50c        0xc zephyr/kernel/libkernel.a(work.c.obj)
                0x0800f50c                k_work_submit
 .text.k_work_queue_start
                0x0800f518       0xe4 zephyr/kernel/libkernel.a(work.c.obj)
                0x0800f518                k_work_queue_start
 .text.k_work_init_delayable
                0x0800f5fc       0x60 zephyr/kernel/libkernel.a(work.c.obj)
                0x0800f5fc                k_work_init_delayable
 .text.k_work_schedule_for_queue
                0x0800f65c       0xf0 zephyr/kernel/libkernel.a(work.c.obj)
                0x0800f65c                k_work_schedule_for_queue
 .text.k_work_schedule
                0x0800f74c        0xc zephyr/kernel/libkernel.a(work.c.obj)
                0x0800f74c                k_work_schedule
 .text.k_work_reschedule_for_queue
                0x0800f758       0xec zephyr/kernel/libkernel.a(work.c.obj)
                0x0800f758                k_work_reschedule_for_queue
 .text.k_work_reschedule
                0x0800f844        0xc zephyr/kernel/libkernel.a(work.c.obj)
                0x0800f844                k_work_reschedule
 .text.k_work_cancel_delayable
                0x0800f850       0xbc zephyr/kernel/libkernel.a(work.c.obj)
                0x0800f850                k_work_cancel_delayable
 .text.k_work_cancel_delayable_sync
                0x0800f90c      0x12c zephyr/kernel/libkernel.a(work.c.obj)
                0x0800f90c                k_work_cancel_delayable_sync
 .text.z_reset_time_slice
                0x0800fa38       0x28 zephyr/kernel/libkernel.a(sched.c.obj)
                0x0800fa38                z_reset_time_slice
 .text.k_sched_time_slice_set
                0x0800fa60       0xc0 zephyr/kernel/libkernel.a(sched.c.obj)
                0x0800fa60                k_sched_time_slice_set
 .text.z_unpend_thread_no_timeout
                0x0800fb20       0x90 zephyr/kernel/libkernel.a(sched.c.obj)
                0x0800fb20                z_unpend_thread_no_timeout
 .text.z_reschedule
                0x0800fbb0       0x88 zephyr/kernel/libkernel.a(sched.c.obj)
                0x0800fbb0                z_reschedule
 .text.k_sched_lock
                0x0800fc38       0xe8 zephyr/kernel/libkernel.a(sched.c.obj)
                0x0800fc38                k_sched_lock
 .text.z_priq_dumb_remove
                0x0800fd20       0x44 zephyr/kernel/libkernel.a(sched.c.obj)
                0x0800fd20                z_priq_dumb_remove
 .text.unpend_thread_no_timeout
                0x0800fd64       0x44 zephyr/kernel/libkernel.a(sched.c.obj)
 .text.z_unpend_thread
                0x0800fda8       0x98 zephyr/kernel/libkernel.a(sched.c.obj)
                0x0800fda8                z_unpend_thread
 .text.update_cache
                0x0800fe40       0x70 zephyr/kernel/libkernel.a(sched.c.obj)
 .text.move_thread_to_end_of_prio_q
                0x0800feb0       0xac zephyr/kernel/libkernel.a(sched.c.obj)
 .text.z_time_slice
                0x0800ff5c       0xf4 zephyr/kernel/libkernel.a(sched.c.obj)
                0x0800ff5c                z_time_slice
 .text.ready_thread
                0x08010050       0xa4 zephyr/kernel/libkernel.a(sched.c.obj)
 .text.z_ready_thread
                0x080100f4       0x90 zephyr/kernel/libkernel.a(sched.c.obj)
                0x080100f4                z_ready_thread
 .text.z_sched_start
                0x08010184       0xa8 zephyr/kernel/libkernel.a(sched.c.obj)
                0x08010184                z_sched_start
 .text.z_thread_timeout
                0x0801022c       0xb4 zephyr/kernel/libkernel.a(sched.c.obj)
                0x0801022c                z_thread_timeout
 .text.unready_thread
                0x080102e0       0x38 zephyr/kernel/libkernel.a(sched.c.obj)
 .text.add_to_waitq_locked
                0x08010318       0x84 zephyr/kernel/libkernel.a(sched.c.obj)
 .text.pend     0x0801039c       0xbc zephyr/kernel/libkernel.a(sched.c.obj)
 .text.z_pend_curr
                0x08010458       0x60 zephyr/kernel/libkernel.a(sched.c.obj)
                0x08010458                z_pend_curr
 .text.z_impl_k_thread_suspend
                0x080104b8       0xd4 zephyr/kernel/libkernel.a(sched.c.obj)
                0x080104b8                z_impl_k_thread_suspend
 .text.k_sched_unlock
                0x0801058c       0xf8 zephyr/kernel/libkernel.a(sched.c.obj)
                0x0801058c                k_sched_unlock
 .text.z_unpend1_no_timeout
                0x08010684       0x98 zephyr/kernel/libkernel.a(sched.c.obj)
                0x08010684                z_unpend1_no_timeout
 .text.z_unpend_first_thread
                0x0801071c       0xa0 zephyr/kernel/libkernel.a(sched.c.obj)
                0x0801071c                z_unpend_first_thread
 .text.z_sched_init
                0x080107bc       0x18 zephyr/kernel/libkernel.a(sched.c.obj)
                0x080107bc                z_sched_init
 .text.z_impl_k_yield
                0x080107d4      0x148 zephyr/kernel/libkernel.a(sched.c.obj)
                0x080107d4                z_impl_k_yield
 .text.z_tick_sleep
                0x0801091c      0x15c zephyr/kernel/libkernel.a(sched.c.obj)
 .text.z_impl_k_sleep
                0x08010a78       0x6c zephyr/kernel/libkernel.a(sched.c.obj)
                0x08010a78                z_impl_k_sleep
 .text.z_impl_z_current_get
                0x08010ae4        0xc zephyr/kernel/libkernel.a(sched.c.obj)
                0x08010ae4                z_impl_z_current_get
 .text.z_impl_k_is_preempt_thread
                0x08010af0       0x20 zephyr/kernel/libkernel.a(sched.c.obj)
                0x08010af0                z_impl_k_is_preempt_thread
 .text.z_thread_abort
                0x08010b10      0x168 zephyr/kernel/libkernel.a(sched.c.obj)
                0x08010b10                z_thread_abort
 .text.z_sched_wake
                0x08010c78       0xb0 zephyr/kernel/libkernel.a(sched.c.obj)
                0x08010c78                z_sched_wake
 .text.z_sched_wait
                0x08010d28       0x24 zephyr/kernel/libkernel.a(sched.c.obj)
                0x08010d28                z_sched_wait
 .text.z_data_copy
                0x08010d4c       0x34 zephyr/kernel/libkernel.a(xip.c.obj)
                0x08010d4c                z_data_copy
 .text.elapsed  0x08010d80       0x14 zephyr/kernel/libkernel.a(timeout.c.obj)
 .text.next_timeout
                0x08010d94       0x50 zephyr/kernel/libkernel.a(timeout.c.obj)
 .text.remove_timeout
                0x08010de4       0x34 zephyr/kernel/libkernel.a(timeout.c.obj)
 .text.z_add_timeout
                0x08010e18      0x1a8 zephyr/kernel/libkernel.a(timeout.c.obj)
                0x08010e18                z_add_timeout
 .text.z_abort_timeout
                0x08010fc0       0x9c zephyr/kernel/libkernel.a(timeout.c.obj)
                0x08010fc0                z_abort_timeout
 .text.z_set_timeout_expiry
                0x0801105c       0xa0 zephyr/kernel/libkernel.a(timeout.c.obj)
                0x0801105c                z_set_timeout_expiry
 .text.sys_clock_announce
                0x080110fc      0x198 zephyr/kernel/libkernel.a(timeout.c.obj)
                0x080110fc                sys_clock_announce
 .text.sys_clock_tick_get
                0x08011294       0xa0 zephyr/kernel/libkernel.a(timeout.c.obj)
                0x08011294                sys_clock_tick_get
 .text.z_impl_k_busy_wait
                0x08011334       0x30 zephyr/kernel/libkernel.a(timeout.c.obj)
                0x08011334                z_impl_k_busy_wait
 .text.z_timer_expiration_handler
                0x08011364      0x168 zephyr/kernel/libkernel.a(timer.c.obj)
                0x08011364                z_timer_expiration_handler
 .text.z_impl_k_timer_start
                0x080114cc       0xcc zephyr/kernel/libkernel.a(timer.c.obj)
                0x080114cc                z_impl_k_timer_start
 .text.clear_event_registrations
                0x08011598      0x19c zephyr/kernel/libkernel.a(poll.c.obj)
 .text.register_events
                0x08011734      0x244 zephyr/kernel/libkernel.a(poll.c.obj)
 .text.k_poll_event_init
                0x08011978       0x9c zephyr/kernel/libkernel.a(poll.c.obj)
                0x08011978                k_poll_event_init
 .text.z_impl_k_poll
                0x08011a14      0x21c zephyr/kernel/libkernel.a(poll.c.obj)
                0x08011a14                z_impl_k_poll
 .text.z_impl_k_poll_signal_raise
                0x08011c30       0xb8 zephyr/kernel/libkernel.a(poll.c.obj)
                0x08011c30                z_impl_k_poll_signal_raise
 .text.z_thread_aligned_alloc
                0x08011ce8       0x78 zephyr/kernel/libkernel.a(mempool.c.obj)
                0x08011ce8                z_thread_aligned_alloc
 .text.boot_banner
                0x08011d60       0x18 zephyr/kernel/libkernel.a(banner.c.obj)
                0x08011d60                boot_banner
 .text._OffsetAbsSyms
                0x08011d78        0x2 zephyr/CMakeFiles/offsets.dir/./arch/arm/core/offsets/offsets.c.obj
                0x08011d78                _OffsetAbsSyms
 .text.check_condition
                0x08011d7a       0x54 app/libapp.a(main.c.obj)
 .text.read_temp_trigger_setting
                0x08011dce       0x6e app/libapp.a(main.c.obj)
 .text.read_temp_valid_range
                0x08011e3c       0x28 app/libapp.a(main.c.obj)
 .text.read_u16
                0x08011e64       0x24 app/libapp.a(main.c.obj)
 .text.read_es_measurement
                0x08011e88       0x54 app/libapp.a(main.c.obj)
 .text.cbpprintf_external
                0x08011edc       0x5a zephyr/libzephyr.a(cbprintf_packaged.c.obj)
                0x08011edc                cbpprintf_external
 .text.arch_printk_char_out
                0x08011f36        0x4 zephyr/libzephyr.a(printk.c.obj)
                0x08011f36                arch_printk_char_out
 .text.str_out  0x08011f3a       0x26 zephyr/libzephyr.a(printk.c.obj)
 .text.printk   0x08011f60       0x1a zephyr/libzephyr.a(printk.c.obj)
                0x08011f60                printk
 .text.snprintk
                0x08011f7a       0x1a zephyr/libzephyr.a(printk.c.obj)
                0x08011f7a                snprintk
 .text.z_thread_entry
                0x08011f94       0x14 zephyr/libzephyr.a(thread_entry.c.obj)
                0x08011f94                z_thread_entry
 .text.chunk_size
                0x08011fa8        0xa zephyr/libzephyr.a(heap.c.obj)
 .text.free_list_add
                0x08011fb2       0x4e zephyr/libzephyr.a(heap.c.obj)
 .text.free_list_remove_bidx
                0x08012000       0x3a zephyr/libzephyr.a(heap.c.obj)
 .text.free_list_remove
                0x0801203a       0x1a zephyr/libzephyr.a(heap.c.obj)
 .text.alloc_chunk
                0x08012054       0x6c zephyr/libzephyr.a(heap.c.obj)
 .text.merge_chunks
                0x080120c0       0x2e zephyr/libzephyr.a(heap.c.obj)
 .text.split_chunks
                0x080120ee       0x34 zephyr/libzephyr.a(heap.c.obj)
 .text.free_chunk
                0x08012122       0x62 zephyr/libzephyr.a(heap.c.obj)
 .text.sys_heap_alloc
                0x08012184       0x54 zephyr/libzephyr.a(heap.c.obj)
                0x08012184                sys_heap_alloc
 .text.encode_uint
                0x080121d8       0x96 zephyr/libzephyr.a(cbprintf_complete.c.obj)
 .text.outs     0x0801226e       0x2c zephyr/libzephyr.a(cbprintf_complete.c.obj)
 .text.assert_post_action
                0x0801229a        0xe zephyr/libzephyr.a(assert.c.obj)
                0x0801229a                assert_post_action
 .text.assert_print
                0x080122a8       0x1a zephyr/libzephyr.a(assert.c.obj)
                0x080122a8                assert_print
 .text.free_space
                0x080122c2       0x2a zephyr/libzephyr.a(mpsc_pbuf.c.obj)
 .text.get_usage
                0x080122ec       0x22 zephyr/libzephyr.a(mpsc_pbuf.c.obj)
 .text.idx_inc  0x0801230e       0x1c zephyr/libzephyr.a(mpsc_pbuf.c.obj)
 .text.add_skip_item
                0x0801232a       0x2c zephyr/libzephyr.a(mpsc_pbuf.c.obj)
 .text.max_utilization_update
                0x08012356       0x22 zephyr/libzephyr.a(mpsc_pbuf.c.obj)
 .text.drop_item_locked
                0x08012378       0xb4 zephyr/libzephyr.a(mpsc_pbuf.c.obj)
 .text.mpsc_pbuf_is_pending
                0x0801242c       0x16 zephyr/libzephyr.a(mpsc_pbuf.c.obj)
                0x0801242c                mpsc_pbuf_is_pending
 .text._ConfigAbsSyms
                0x08012442        0x2 zephyr/libzephyr.a(configs.c.obj)
                0x08012442                _ConfigAbsSyms
 .text.st_stm32_common_config
                0x08012444        0x4 zephyr/libzephyr.a(soc_config.c.obj)
 .text.log_msg2_generic_get_wlen
                0x08012448       0x22 zephyr/libzephyr.a(log_core.c.obj)
 .text.log_backend_is_active
                0x0801246a        0x6 zephyr/libzephyr.a(log_core.c.obj)
 .text.default_lf_get_timestamp
                0x08012470       0x10 zephyr/libzephyr.a(log_core.c.obj)
 .text.dummy_timestamp
                0x08012480        0x4 zephyr/libzephyr.a(log_core.c.obj)
 .text.notify_drop
                0x08012484        0x6 zephyr/libzephyr.a(log_core.c.obj)
 .text.get_msg  0x0801248a        0x8 zephyr/libzephyr.a(log_core.c.obj)
                0x0801248a                get_msg
 .text.z_log_get_tag
                0x08012492        0x4 zephyr/libzephyr.a(log_core.c.obj)
                0x08012492                z_log_get_tag
 .text.buffer_write
                0x08012496       0x1a zephyr/libzephyr.a(log_output.c.obj)
 .text.log_output_flush
                0x080124b0       0x1a zephyr/libzephyr.a(log_output.c.obj)
                0x080124b0                log_output_flush
 .text.cr_out_func
                0x080124ca       0x1a zephyr/libzephyr.a(log_output.c.obj)
 .text.z_log_msg2_finalize
                0x080124e4       0x36 zephyr/libzephyr.a(log_msg2.c.obj)
                0x080124e4                z_log_msg2_finalize
 .text.read_str
                0x0801251a       0x34 zephyr/libzephyr.a(dis.c.obj)
 .text.bas_init
                0x0801254e        0x4 zephyr/libzephyr.a(bas.c.obj)
 .text.LST_init_head
                0x08012552        0x6 zephyr/libzephyr.a(stm_list.c.obj)
                0x08012552                LST_init_head
 .text.LST_is_empty
                0x08012558       0x14 zephyr/libzephyr.a(stm_list.c.obj)
                0x08012558                LST_is_empty
 .text.LST_insert_head
                0x0801256c       0x18 zephyr/libzephyr.a(stm_list.c.obj)
                0x0801256c                LST_insert_head
 .text.LST_insert_tail
                0x08012584       0x18 zephyr/libzephyr.a(stm_list.c.obj)
                0x08012584                LST_insert_tail
 .text.LST_remove_node
                0x0801259c       0x16 zephyr/libzephyr.a(stm_list.c.obj)
                0x0801259c                LST_remove_node
 .text.LST_remove_head
                0x080125b2       0x18 zephyr/libzephyr.a(stm_list.c.obj)
                0x080125b2                LST_remove_head
 .text.TlCmdEvtReceived
                0x080125ca        0xa zephyr/libzephyr.a(shci_tl.c.obj)
 .text.SHCI_C2_BLE_Init
                0x080125d4       0x1c zephyr/libzephyr.a(shci.c.obj)
                0x080125d4                SHCI_C2_BLE_Init
 .text.SHCI_C2_Reinit
                0x080125f0       0x1a zephyr/libzephyr.a(shci.c.obj)
                0x080125f0                SHCI_C2_Reinit
 .text.TL_Enable
                0x0801260a        0x4 zephyr/libzephyr.a(tl_mbox.c.obj)
                0x0801260a                TL_Enable
 .text.TL_TRACES_EvtReceived
                0x0801260e        0x2 zephyr/libzephyr.a(tl_mbox.c.obj)
                0x0801260e                TL_TRACES_EvtReceived
 .text._copy    0x08012610       0x1a zephyr/libzephyr.a(utils.c.obj)
                0x08012610                _copy
 .text._set     0x0801262a        0x4 zephyr/libzephyr.a(utils.c.obj)
                0x0801262a                _set
 .text._double_byte
                0x0801262e       0x12 zephyr/libzephyr.a(utils.c.obj)
                0x0801262e                _double_byte
 .text.add_round_key
                0x08012640       0x8a zephyr/libzephyr.a(aes_encrypt.c.obj)
 .text.shift_rows
                0x080126ca       0x72 zephyr/libzephyr.a(aes_encrypt.c.obj)
 .text.mult_row_column
                0x0801273c       0x80 zephyr/libzephyr.a(aes_encrypt.c.obj)
 .text.gf_double
                0x080127bc       0x2a zephyr/libzephyr.a(cmac_mode.c.obj)
                0x080127bc                gf_double
 .text.tc_cmac_erase
                0x080127e6       0x10 zephyr/libzephyr.a(cmac_mode.c.obj)
                0x080127e6                tc_cmac_erase
 .text.tc_cmac_init
                0x080127f6       0x2c zephyr/libzephyr.a(cmac_mode.c.obj)
                0x080127f6                tc_cmac_init
 .text.tc_cmac_setup
                0x08012822       0x56 zephyr/libzephyr.a(cmac_mode.c.obj)
                0x08012822                tc_cmac_setup
 .text.tc_cmac_update
                0x08012878       0xd8 zephyr/libzephyr.a(cmac_mode.c.obj)
                0x08012878                tc_cmac_update
 .text.tc_cmac_final
                0x08012950       0x6a zephyr/libzephyr.a(cmac_mode.c.obj)
                0x08012950                tc_cmac_final
 .text.tc_sha256_update
                0x080129ba       0x4c zephyr/libzephyr.a(sha256.c.obj)
                0x080129ba                tc_sha256_update
 .text.tc_sha256_final
                0x08012a06       0xbc zephyr/libzephyr.a(sha256.c.obj)
                0x08012a06                tc_sha256_final
 .text.rekey    0x08012ac2       0x3a zephyr/libzephyr.a(hmac.c.obj)
 .text.tc_hmac_set_key
                0x08012afc       0x68 zephyr/libzephyr.a(hmac.c.obj)
                0x08012afc                tc_hmac_set_key
 .text.tc_hmac_init
                0x08012b64       0x1a zephyr/libzephyr.a(hmac.c.obj)
                0x08012b64                tc_hmac_init
 .text.tc_hmac_update
                0x08012b7e        0xc zephyr/libzephyr.a(hmac.c.obj)
                0x08012b7e                tc_hmac_update
 .text.tc_hmac_final
                0x08012b8a       0x50 zephyr/libzephyr.a(hmac.c.obj)
                0x08012b8a                tc_hmac_final
 .text.update   0x08012bda      0x122 zephyr/libzephyr.a(hmac_prng.c.obj)
 .text.tc_hmac_prng_init
                0x08012cfc       0x40 zephyr/libzephyr.a(hmac_prng.c.obj)
                0x08012cfc                tc_hmac_prng_init
 .text.tc_hmac_prng_reseed
                0x08012d3c       0x32 zephyr/libzephyr.a(hmac_prng.c.obj)
                0x08012d3c                tc_hmac_prng_reseed
 .text.tc_hmac_prng_generate
                0x08012d6e       0x8e zephyr/libzephyr.a(hmac_prng.c.obj)
                0x08012d6e                tc_hmac_prng_generate
 .text.z_do_kernel_oops
                0x08012dfc        0x8 zephyr/arch/arch/arm/core/aarch32/libarch__arm__core__aarch32.a(fatal.c.obj)
                0x08012dfc                z_do_kernel_oops
 .text.z_irq_spurious
                0x08012e04        0x8 zephyr/arch/arch/arm/core/aarch32/libarch__arm__core__aarch32.a(irq_manage.c.obj)
                0x08012e04                z_irq_spurious
 .text.z_arm_nmi
                0x08012e0c        0xe zephyr/arch/arch/arm/core/aarch32/libarch__arm__core__aarch32.a(nmi.c.obj)
                0x08012e0c                z_arm_nmi
 .text.z_log_msg2_static_create.constprop.0